Archive member included to satisfy reference by file (symbol)

/usr/lib/gcc/arm-none-eabi/13.2.1/thumb/v7e-m+fp/hard/libgcc.a(_aeabi_uldivmod.o)
                              cmake/stm32cubemx/CMakeFiles/STM32_Drivers.dir/__/__/Drivers/STM32F4xx_HAL_Driver/Src/stm32f4xx_hal_rcc.c.obj (__aeabi_uldivmod)
/usr/lib/gcc/arm-none-eabi/13.2.1/thumb/v7e-m+fp/hard/libgcc.a(_udivmoddi4.o)
                              /usr/lib/gcc/arm-none-eabi/13.2.1/thumb/v7e-m+fp/hard/libgcc.a(_aeabi_uldivmod.o) (__udivmoddi4)
/usr/lib/gcc/arm-none-eabi/13.2.1/thumb/v7e-m+fp/hard/libgcc.a(_dvmd_tls.o)
                              /usr/lib/gcc/arm-none-eabi/13.2.1/thumb/v7e-m+fp/hard/libgcc.a(_aeabi_uldivmod.o) (__aeabi_ldiv0)
/usr/lib/gcc/arm-none-eabi/13.2.1/../../../arm-none-eabi/lib/thumb/v7e-m+fp/hard/libg_nano.a(libc_a-init.o)
                              /usr/lib/gcc/arm-none-eabi/13.2.1/../../../arm-none-eabi/lib/thumb/v7e-m+fp/hard/crt0.o (__libc_init_array)
/usr/lib/gcc/arm-none-eabi/13.2.1/../../../arm-none-eabi/lib/thumb/v7e-m+fp/hard/libg_nano.a(libc_a-memset.o)
                              /usr/lib/gcc/arm-none-eabi/13.2.1/../../../arm-none-eabi/lib/thumb/v7e-m+fp/hard/crt0.o (memset)
/usr/lib/gcc/arm-none-eabi/13.2.1/../../../arm-none-eabi/lib/thumb/v7e-m+fp/hard/libg_nano.a(libc_a-errno.o)
                              CMakeFiles/cdc.dir/Core/Src/sysmem.c.obj (__errno)
/usr/lib/gcc/arm-none-eabi/13.2.1/../../../arm-none-eabi/lib/thumb/v7e-m+fp/hard/libg_nano.a(libc_a-exit.o)
                              /usr/lib/gcc/arm-none-eabi/13.2.1/../../../arm-none-eabi/lib/thumb/v7e-m+fp/hard/crt0.o (exit)
/usr/lib/gcc/arm-none-eabi/13.2.1/../../../arm-none-eabi/lib/thumb/v7e-m+fp/hard/libg_nano.a(libc_a-atexit.o)
                              /usr/lib/gcc/arm-none-eabi/13.2.1/../../../arm-none-eabi/lib/thumb/v7e-m+fp/hard/crt0.o (atexit)
/usr/lib/gcc/arm-none-eabi/13.2.1/../../../arm-none-eabi/lib/thumb/v7e-m+fp/hard/libg_nano.a(libc_a-fini.o)
                              /usr/lib/gcc/arm-none-eabi/13.2.1/../../../arm-none-eabi/lib/thumb/v7e-m+fp/hard/crt0.o (__libc_fini_array)
/usr/lib/gcc/arm-none-eabi/13.2.1/../../../arm-none-eabi/lib/thumb/v7e-m+fp/hard/libg_nano.a(libc_a-impure.o)
                              /usr/lib/gcc/arm-none-eabi/13.2.1/../../../arm-none-eabi/lib/thumb/v7e-m+fp/hard/libg_nano.a(libc_a-errno.o) (_impure_ptr)
/usr/lib/gcc/arm-none-eabi/13.2.1/../../../arm-none-eabi/lib/thumb/v7e-m+fp/hard/libg_nano.a(libc_a-findfp.o)
                              /usr/lib/gcc/arm-none-eabi/13.2.1/../../../arm-none-eabi/lib/thumb/v7e-m+fp/hard/libg_nano.a(libc_a-exit.o) (__stdio_exit_handler)
/usr/lib/gcc/arm-none-eabi/13.2.1/../../../arm-none-eabi/lib/thumb/v7e-m+fp/hard/libg_nano.a(libc_a-fflush.o)
                              /usr/lib/gcc/arm-none-eabi/13.2.1/../../../arm-none-eabi/lib/thumb/v7e-m+fp/hard/libg_nano.a(libc_a-findfp.o) (_fflush_r)
/usr/lib/gcc/arm-none-eabi/13.2.1/../../../arm-none-eabi/lib/thumb/v7e-m+fp/hard/libg_nano.a(libc_a-mallocr.o)
                              /usr/lib/gcc/arm-none-eabi/13.2.1/../../../arm-none-eabi/lib/thumb/v7e-m+fp/hard/libg_nano.a(libc_a-findfp.o) (_malloc_r)
/usr/lib/gcc/arm-none-eabi/13.2.1/../../../arm-none-eabi/lib/thumb/v7e-m+fp/hard/libg_nano.a(libc_a-freer.o)
                              /usr/lib/gcc/arm-none-eabi/13.2.1/../../../arm-none-eabi/lib/thumb/v7e-m+fp/hard/libg_nano.a(libc_a-fflush.o) (_free_r)
/usr/lib/gcc/arm-none-eabi/13.2.1/../../../arm-none-eabi/lib/thumb/v7e-m+fp/hard/libg_nano.a(libc_a-fwalk.o)
                              /usr/lib/gcc/arm-none-eabi/13.2.1/../../../arm-none-eabi/lib/thumb/v7e-m+fp/hard/libg_nano.a(libc_a-findfp.o) (_fwalk_sglue)
/usr/lib/gcc/arm-none-eabi/13.2.1/../../../arm-none-eabi/lib/thumb/v7e-m+fp/hard/libg_nano.a(libc_a-__atexit.o)
                              /usr/lib/gcc/arm-none-eabi/13.2.1/../../../arm-none-eabi/lib/thumb/v7e-m+fp/hard/libg_nano.a(libc_a-atexit.o) (__register_exitproc)
/usr/lib/gcc/arm-none-eabi/13.2.1/../../../arm-none-eabi/lib/thumb/v7e-m+fp/hard/libg_nano.a(libc_a-mlock.o)
                              /usr/lib/gcc/arm-none-eabi/13.2.1/../../../arm-none-eabi/lib/thumb/v7e-m+fp/hard/libg_nano.a(libc_a-mallocr.o) (__malloc_lock)
/usr/lib/gcc/arm-none-eabi/13.2.1/../../../arm-none-eabi/lib/thumb/v7e-m+fp/hard/libg_nano.a(libc_a-sbrkr.o)
                              /usr/lib/gcc/arm-none-eabi/13.2.1/../../../arm-none-eabi/lib/thumb/v7e-m+fp/hard/libg_nano.a(libc_a-mallocr.o) (_sbrk_r)
/usr/lib/gcc/arm-none-eabi/13.2.1/../../../arm-none-eabi/lib/thumb/v7e-m+fp/hard/libg_nano.a(libc_a-stdio.o)
                              /usr/lib/gcc/arm-none-eabi/13.2.1/../../../arm-none-eabi/lib/thumb/v7e-m+fp/hard/libg_nano.a(libc_a-findfp.o) (__sread)
/usr/lib/gcc/arm-none-eabi/13.2.1/../../../arm-none-eabi/lib/thumb/v7e-m+fp/hard/libg_nano.a(libc_a-closer.o)
[...]
Memory Configuration

Name             Origin             Length             Attributes
RAM              0x20000000         0x00020000         xrw
CCMRAM           0x10000000         0x00010000         xrw
FLASH            0x08000000         0x00100000         xr
*default*        0x00000000         0xffffffff

Linker script and memory map

LOAD /usr/lib/gcc/arm-none-eabi/13.2.1/thumb/v7e-m+fp/hard/crti.o
LOAD /usr/lib/gcc/arm-none-eabi/13.2.1/thumb/v7e-m+fp/hard/crtbegin.o
LOAD /usr/lib/gcc/arm-none-eabi/13.2.1/../../../arm-none-eabi/lib/thumb/v7e-m+fp/hard/crt0.o
LOAD cmake/stm32cubemx/CMakeFiles/STM32_Drivers.dir/__/__/Core/Src/system_stm32f4xx.c.obj
LOAD cmake/stm32cubemx/CMakeFiles/STM32_Drivers.dir/__/__/Drivers/STM32F4xx_HAL_Driver/Src/stm32f4xx_hal_pcd.c.obj
LOAD cmake/stm32cubemx/CMakeFiles/STM32_Drivers.dir/__/__/Drivers/STM32F4xx_HAL_Driver/Src/stm32f4xx_hal_pcd_ex.c.obj
LOAD cmake/stm32cubemx/CMakeFiles/STM32_Drivers.dir/__/__/Drivers/STM32F4xx_HAL_Driver/Src/stm32f4xx_ll_usb.c.obj
LOAD cmake/stm32cubemx/CMakeFiles/STM32_Drivers.dir/__/__/Drivers/STM32F4xx_HAL_Driver/Src/stm32f4xx_hal_rcc.c.obj
LOAD cmake/stm32cubemx/CMakeFiles/STM32_Drivers.dir/__/__/Drivers/STM32F4xx_HAL_Driver/Src/stm32f4xx_hal_rcc_ex.c.obj
LOAD cmake/stm32cubemx/CMakeFiles/STM32_Drivers.dir/__/__/Drivers/STM32F4xx_HAL_Driver/Src/stm32f4xx_hal_flash.c.obj
LOAD cmake/stm32cubemx/CMakeFiles/STM32_Drivers.dir/__/__/Drivers/STM32F4xx_HAL_Driver/Src/stm32f4xx_hal_flash_ex.c.obj
LOAD cmake/stm32cubemx/CMakeFiles/STM32_Drivers.dir/__/__/Drivers/STM32F4xx_HAL_Driver/Src/stm32f4xx_hal_flash_ramfunc.c.obj
LOAD cmake/stm32cubemx/CMakeFiles/STM32_Drivers.dir/__/__/Drivers/STM32F4xx_HAL_Driver/Src/stm32f4xx_hal_gpio.c.obj
LOAD cmake/stm32cubemx/CMakeFiles/STM32_Drivers.dir/__/__/Drivers/STM32F4xx_HAL_Driver/Src/stm32f4xx_hal_dma_ex.c.obj
LOAD cmake/stm32cubemx/CMakeFiles/STM32_Drivers.dir/__/__/Drivers/STM32F4xx_HAL_Driver/Src/stm32f4xx_hal_dma.c.obj
LOAD cmake/stm32cubemx/CMakeFiles/STM32_Drivers.dir/__/__/Drivers/STM32F4xx_HAL_Driver/Src/stm32f4xx_hal_pwr.c.obj
LOAD cmake/stm32cubemx/CMakeFiles/STM32_Drivers.dir/__/__/Drivers/STM32F4xx_HAL_Driver/Src/stm32f4xx_hal_pwr_ex.c.obj
LOAD cmake/stm32cubemx/CMakeFiles/STM32_Drivers.dir/__/__/Drivers/STM32F4xx_HAL_Driver/Src/stm32f4xx_hal_cortex.c.obj
LOAD cmake/stm32cubemx/CMakeFiles/STM32_Drivers.dir/__/__/Drivers/STM32F4xx_HAL_Driver/Src/stm32f4xx_hal.c.obj
LOAD cmake/stm32cubemx/CMakeFiles/STM32_Drivers.dir/__/__/Drivers/STM32F4xx_HAL_Driver/Src/stm32f4xx_hal_exti.c.obj
LOAD cmake/stm32cubemx/CMakeFiles/STM32_Drivers.dir/__/__/Drivers/STM32F4xx_HAL_Driver/Src/stm32f4xx_hal_uart.c.obj
LOAD cmake/stm32cubemx/CMakeFiles/USB_Device_Library.dir/__/__/Middlewares/ST/STM32_USB_Device_Library/Core/Src/usbd_core.c.obj
LOAD cmake/stm32cubemx/CMakeFiles/USB_Device_Library.dir/__/__/Middlewares/ST/STM32_USB_Device_Library/Core/Src/usbd_ctlreq.c.obj
LOAD cmake/stm32cubemx/CMakeFiles/USB_Device_Library.dir/__/__/Middlewares/ST/STM32_USB_Device_Library/Core/Src/usbd_ioreq.c.obj
LOAD cmake/stm32cubemx/CMakeFiles/USB_Device_Library.dir/__/__/Middlewares/ST/STM32_USB_Device_Library/Class/CDC/Src/usbd_cdc.c.obj
LOAD CMakeFiles/cdc.dir/USB_DEVICE/Target/usbd_conf.c.obj
LOAD CMakeFiles/cdc.dir/USB_DEVICE/App/usb_device.c.obj
LOAD CMakeFiles/cdc.dir/USB_DEVICE/App/usbd_desc.c.obj
LOAD CMakeFiles/cdc.dir/USB_DEVICE/App/usbd_cdc_if.c.obj
LOAD CMakeFiles/cdc.dir/Core/Src/main.c.obj
LOAD CMakeFiles/cdc.dir/Core/Src/gpio.c.obj
LOAD CMakeFiles/cdc.dir/Core/Src/usart.c.obj
LOAD CMakeFiles/cdc.dir/Core/Src/stm32f4xx_it.c.obj
LOAD CMakeFiles/cdc.dir/Core/Src/stm32f4xx_hal_msp.c.obj
LOAD CMakeFiles/cdc.dir/Core/Src/sysmem.c.obj
LOAD CMakeFiles/cdc.dir/Core/Src/syscalls.c.obj
LOAD CMakeFiles/cdc.dir/startup_stm32f407xx.s.obj
LOAD /usr/lib/gcc/arm-none-eabi/13.2.1/../../../arm-none-eabi/lib/thumb/v7e-m+fp/hard/libm.a
START GROUP
LOAD /usr/lib/gcc/arm-none-eabi/13.2.1/thumb/v7e-m+fp/hard/libgcc.a
LOAD /usr/lib/gcc/arm-none-eabi/13.2.1/../../../arm-none-eabi/lib/thumb/v7e-m+fp/hard/libg_nano.a
LOAD /usr/lib/gcc/arm-none-eabi/13.2.1/../../../arm-none-eabi/lib/thumb/v7e-m+fp/hard/libc_nano.a
END GROUP
START GROUP
LOAD /usr/lib/gcc/arm-none-eabi/13.2.1/thumb/v7e-m+fp/hard/libgcc.a
LOAD /usr/lib/gcc/arm-none-eabi/13.2.1/../../../arm-none-eabi/lib/thumb/v7e-m+fp/hard/libc_nano.a
END GROUP
LOAD /usr/lib/gcc/arm-none-eabi/13.2.1/thumb/v7e-m+fp/hard/crtend.o
LOAD /usr/lib/gcc/arm-none-eabi/13.2.1/thumb/v7e-m+fp/hard/crtn.o
                0x20020000                        _estack = (ORIGIN (RAM) + LENGTH (RAM))
                0x20019000                        _sstack = (_estack - _Min_Stack_Size)
                0x00002000                        _Min_Heap_Size = 0x2000
                0x00007000                        _Min_Stack_Size = 0x7000

.isr_vector     0x08000000      0x188
                0x08000000                        . = ALIGN (0x4)
 *(.isr_vector)
 .isr_vector    0x08000000      0x188 CMakeFiles/cdc.dir/startup_stm32f407xx.s.obj
                0x08000000                g_pfnVectors
                0x08000188                        . = ALIGN (0x4)

.text           0x08000188     0x7bdc
                0x08000188                        . = ALIGN (0x4)
 *(.text)
 .text          0x08000188       0x88 /usr/lib/gcc/arm-none-eabi/13.2.1/thumb/v7e-m+fp/hard/crtbegin.o
 .text          0x08000210       0x30 /usr/lib/gcc/arm-none-eabi/13.2.1/thumb/v7e-m+fp/hard/libgcc.a(_aeabi_uldivmod.o)
                0x08000210                __aeabi_uldivmod
 .text          0x08000240      0x2bc /usr/lib/gcc/arm-none-eabi/13.2.1/thumb/v7e-m+fp/hard/libgcc.a(_udivmoddi4.o)
                0x08000240                __udivmoddi4
 .text          0x080004fc        0x4 /usr/lib/gcc/arm-none-eabi/13.2.1/thumb/v7e-m+fp/hard/libgcc.a(_dvmd_tls.o)
                0x080004fc                __aeabi_ldiv0
                0x080004fc                __aeabi_idiv0
 .text          0x08000500       0x50 /usr/lib/gcc/arm-none-eabi/13.2.1/../../../arm-none-eabi/lib/thumb/v7e-m+fp/hard/libg_nano.a(libc_a-init.o)
                0x08000500                __libc_init_array
 .text          0x08000550       0xa4 /usr/lib/gcc/arm-none-eabi/13.2.1/../../../arm-none-eabi/lib/thumb/v7e-m+fp/hard/libg_nano.a(libc_a-memset.o)
                0x08000550                memset
 *(.text*)
 .text.SystemInit
                0x080005f4       0x24 cmake/stm32cubemx/CMakeFiles/STM32_Drivers.dir/__/__/Core/Src/system_stm32f4xx.c.obj
                0x080005f4                SystemInit
 .text.HAL_PCD_Init
                0x08000618      0x21e cmake/stm32cubemx/CMakeFiles/STM32_Drivers.dir/__/__/Drivers/STM32F4xx_HAL_Driver/Src/stm32f4xx_hal_pcd.c.obj
                0x08000618                HAL_PCD_Init
 .text.HAL_PCD_Start
                0x08000836       0x6a cmake/stm32cubemx/CMakeFiles/STM32_Drivers.dir/__/__/Drivers/STM32F4xx_HAL_Driver/Src/stm32f4xx_hal_pcd.c.obj
                0x08000836                HAL_PCD_Start
 .text.HAL_PCD_IRQHandler
                0x080008a0      0x942 cmake/stm32cubemx/CMakeFiles/STM32_Drivers.dir/__/__/Drivers/STM32F4xx_HAL_Driver/Src/stm32f4xx_hal_pcd.c.obj
                0x080008a0                HAL_PCD_IRQHandler
 .text.HAL_PCD_SetAddress
                0x080011e2       0x48 cmake/stm32cubemx/CMakeFiles/STM32_Drivers.dir/__/__/Drivers/STM32F4xx_HAL_Driver/Src/stm32f4xx_hal_pcd.c.obj
                0x080011e2                HAL_PCD_SetAddress
 .text.HAL_PCD_EP_Open
                0x0800122a       0xd4 cmake/stm32cubemx/CMakeFiles/STM32_Drivers.dir/__/__/Drivers/STM32F4xx_HAL_Driver/Src/stm32f4xx_hal_pcd.c.obj
                0x0800122a                HAL_PCD_EP_Open
 .text.HAL_PCD_EP_Close
                0x080012fe       0x94 cmake/stm32cubemx/CMakeFiles/STM32_Drivers.dir/__/__/Drivers/STM32F4xx_HAL_Driver/Src/stm32f4xx_hal_pcd.c.obj
                0x080012fe                HAL_PCD_EP_Close
 .text.HAL_PCD_EP_Receive
                0x08001392       0x76 cmake/stm32cubemx/CMakeFiles/STM32_Drivers.dir/__/__/Drivers/STM32F4xx_HAL_Driver/Src/stm32f4xx_hal_pcd.c.obj
                0x08001392                HAL_PCD_EP_Receive
 .text.HAL_PCD_EP_GetRxCount
                0x08001408       0x30 cmake/stm32cubemx/CMakeFiles/STM32_Drivers.dir/__/__/Drivers/STM32F4xx_HAL_Driver/Src/stm32f4xx_hal_pcd.c.obj
                0x08001408                HAL_PCD_EP_GetRxCount
 .text.HAL_PCD_EP_Transmit
                0x08001438       0x74 cmake/stm32cubemx/CMakeFiles/STM32_Drivers.dir/__/__/Drivers/STM32F4xx_HAL_Driver/Src/stm32f4xx_hal_pcd.c.obj
                0x08001438                HAL_PCD_EP_Transmit
 .text.HAL_PCD_EP_SetStall
                0x080014ac       0xc6 cmake/stm32cubemx/CMakeFiles/STM32_Drivers.dir/__/__/Drivers/STM32F4xx_HAL_Driver/Src/stm32f4xx_hal_pcd.c.obj
                0x080014ac                HAL_PCD_EP_SetStall
 .text.HAL_PCD_EP_ClrStall
                0x08001572       0xac cmake/stm32cubemx/CMakeFiles/STM32_Drivers.dir/__/__/Drivers/STM32F4xx_HAL_Driver/Src/stm32f4xx_hal_pcd.c.obj
                0x08001572                HAL_PCD_EP_ClrStall
 .text.HAL_PCD_EP_Abort
                0x0800161e       0x62 cmake/stm32cubemx/CMakeFiles/STM32_Drivers.dir/__/__/Drivers/STM32F4xx_HAL_Driver/Src/stm32f4xx_hal_pcd.c.obj
                0x0800161e                HAL_PCD_EP_Abort
 .text.PCD_WriteEmptyTxFifo
                0x08001680      0x118 cmake/stm32cubemx/CMakeFiles/STM32_Drivers.dir/__/__/Drivers/STM32F4xx_HAL_Driver/Src/stm32f4xx_hal_pcd.c.obj
 .text.PCD_EP_OutXfrComplete_int
                0x08001798      0x1d0 cmake/stm32cubemx/CMakeFiles/STM32_Drivers.dir/__/__/Drivers/STM32F4xx_HAL_Driver/Src/stm32f4xx_hal_pcd.c.obj
 .text.PCD_EP_OutSetupPacket_int
                0x08001968       0x8c cmake/stm32cubemx/CMakeFiles/STM32_Drivers.dir/__/__/Drivers/STM32F4xx_HAL_Driver/Src/stm32f4xx_hal_pcd.c.obj
 .text.HAL_PCDEx_SetTxFiFo
                0x080019f4       0x8e cmake/stm32cubemx/CMakeFiles/STM32_Drivers.dir/__/__/Drivers/STM32F4xx_HAL_Driver/Src/stm32f4xx_hal_pcd_ex.c.obj
                0x080019f4                HAL_PCDEx_SetTxFiFo
 .text.HAL_PCDEx_SetRxFiFo
                0x08001a82       0x22 cmake/stm32cubemx/CMakeFiles/STM32_Drivers.dir/__/__/Drivers/STM32F4xx_HAL_Driver/Src/stm32f4xx_hal_pcd_ex.c.obj
                0x08001a82                HAL_PCDEx_SetRxFiFo
 .text.HAL_PCDEx_LPM_Callback
                0x08001aa4       0x18 cmake/stm32cubemx/CMakeFiles/STM32_Drivers.dir/__/__/Drivers/STM32F4xx_HAL_Driver/Src/stm32f4xx_hal_pcd_ex.c.obj
                0x08001aa4                HAL_PCDEx_LPM_Callback
 .text.USB_CoreInit
                0x08001abc       0xc8 cmake/stm32cubemx/CMakeFiles/STM32_Drivers.dir/__/__/Drivers/STM32F4xx_HAL_Driver/Src/stm32f4xx_ll_usb.c.obj
                0x08001abc                USB_CoreInit
 .text.USB_SetTurnaroundTime
                0x08001b84      0x144 cmake/stm32cubemx/CMakeFiles/STM32_Drivers.dir/__/__/Drivers/STM32F4xx_HAL_Driver/Src/stm32f4xx_ll_usb.c.obj
                0x08001b84                USB_SetTurnaroundTime
 .text.USB_EnableGlobalInt
                0x08001cc8       0x22 cmake/stm32cubemx/CMakeFiles/STM32_Drivers.dir/__/__/Drivers/STM32F4xx_HAL_Driver/Src/stm32f4xx_ll_usb.c.obj
                0x08001cc8                USB_EnableGlobalInt
 .text.USB_DisableGlobalInt
                0x08001cea       0x22 cmake/stm32cubemx/CMakeFiles/STM32_Drivers.dir/__/__/Drivers/STM32F4xx_HAL_Driver/Src/stm32f4xx_ll_usb.c.obj
                0x08001cea                USB_DisableGlobalInt
 .text.USB_SetCurrentMode
                0x08001d0c       0x98 cmake/stm32cubemx/CMakeFiles/STM32_Drivers.dir/__/__/Drivers/STM32F4xx_HAL_Driver/Src/stm32f4xx_ll_usb.c.obj
                0x08001d0c                USB_SetCurrentMode
 .text.USB_DevInit
                0x08001da4      0x2c8 cmake/stm32cubemx/CMakeFiles/STM32_Drivers.dir/__/__/Drivers/STM32F4xx_HAL_Driver/Src/stm32f4xx_ll_usb.c.obj
                0x08001da4                USB_DevInit
 .text.USB_FlushTxFifo
                0x0800206c       0x64 cmake/stm32cubemx/CMakeFiles/STM32_Drivers.dir/__/__/Drivers/STM32F4xx_HAL_Driver/Src/stm32f4xx_ll_usb.c.obj
                0x0800206c                USB_FlushTxFifo
 .text.USB_FlushRxFifo
                0x080020d0       0x5c cmake/stm32cubemx/CMakeFiles/STM32_Drivers.dir/__/__/Drivers/STM32F4xx_HAL_Driver/Src/stm32f4xx_ll_usb.c.obj
                0x080020d0                USB_FlushRxFifo
 .text.USB_SetDevSpeed
                0x0800212c       0x32 cmake/stm32cubemx/CMakeFiles/STM32_Drivers.dir/__/__/Drivers/STM32F4xx_HAL_Driver/Src/stm32f4xx_ll_usb.c.obj
                0x0800212c                USB_SetDevSpeed
 .text.USB_GetDevSpeed
                0x0800215e       0x4a cmake/stm32cubemx/CMakeFiles/STM32_Drivers.dir/__/__/Drivers/STM32F4xx_HAL_Driver/Src/stm32f4xx_ll_usb.c.obj
                0x0800215e                USB_GetDevSpeed
 .text.USB_ActivateEndpoint
                0x080021a8      0x10e cmake/stm32cubemx/CMakeFiles/STM32_Drivers.dir/__/__/Drivers/STM32F4xx_HAL_Driver/Src/stm32f4xx_ll_usb.c.obj
                0x080021a8                USB_ActivateEndpoint
 *fill*         0x080022b6        0x2 
 .text.USB_DeactivateEndpoint
                0x080022b8      0x1b8 cmake/stm32cubemx/CMakeFiles/STM32_Drivers.dir/__/__/Drivers/STM32F4xx_HAL_Driver/Src/stm32f4xx_ll_usb.c.obj
                0x080022b8                USB_DeactivateEndpoint
 .text.USB_EPStartXfer
                0x08002470      0x53c cmake/stm32cubemx/CMakeFiles/STM32_Drivers.dir/__/__/Drivers/STM32F4xx_HAL_Driver/Src/stm32f4xx_ll_usb.c.obj
                0x08002470                USB_EPStartXfer
 .text.USB_EPStopXfer
                0x080029ac      0x154 cmake/stm32cubemx/CMakeFiles/STM32_Drivers.dir/__/__/Drivers/STM32F4xx_HAL_Driver/Src/stm32f4xx_ll_usb.c.obj
                0x080029ac                USB_EPStopXfer
 .text.USB_WritePacket
                0x08002b00       0x7c cmake/stm32cubemx/CMakeFiles/STM32_Drivers.dir/__/__/Drivers/STM32F4xx_HAL_Driver/Src/stm32f4xx_ll_usb.c.obj
                0x08002b00                USB_WritePacket
 .text.USB_ReadPacket
                0x08002b7c       0xb0 cmake/stm32cubemx/CMakeFiles/STM32_Drivers.dir/__/__/Drivers/STM32F4xx_HAL_Driver/Src/stm32f4xx_ll_usb.c.obj
                0x08002b7c                USB_ReadPacket
 .text.USB_EPSetStall
                0x08002c2c       0xdc cmake/stm32cubemx/CMakeFiles/STM32_Drivers.dir/__/__/Drivers/STM32F4xx_HAL_Driver/Src/stm32f4xx_ll_usb.c.obj
                0x08002c2c                USB_EPSetStall
 .text.USB_EPClearStall
                0x08002d08       0xcc cmake/stm32cubemx/CMakeFiles/STM32_Drivers.dir/__/__/Drivers/STM32F4xx_HAL_Driver/Src/stm32f4xx_ll_usb.c.obj
                0x08002d08                USB_EPClearStall
 .text.USB_SetDevAddress
                0x08002dd4       0x4c cmake/stm32cubemx/CMakeFiles/STM32_Drivers.dir/__/__/Drivers/STM32F4xx_HAL_Driver/Src/stm32f4xx_ll_usb.c.obj
                0x08002dd4                USB_SetDevAddress
 .text.USB_DevConnect
                0x08002e20       0x42 cmake/stm32cubemx/CMakeFiles/STM32_Drivers.dir/__/__/Drivers/STM32F4xx_HAL_Driver/Src/stm32f4xx_ll_usb.c.obj
                0x08002e20                USB_DevConnect
 .text.USB_DevDisconnect
                0x08002e62       0x42 cmake/stm32cubemx/CMakeFiles/STM32_Drivers.dir/__/__/Drivers/STM32F4xx_HAL_Driver/Src/stm32f4xx_ll_usb.c.obj
                0x08002e62                USB_DevDisconnect
 .text.USB_ReadInterrupts
                0x08002ea4       0x26 cmake/stm32cubemx/CMakeFiles/STM32_Drivers.dir/__/__/Drivers/STM32F4xx_HAL_Driver/Src/stm32f4xx_ll_usb.c.obj
                0x08002ea4                USB_ReadInterrupts
 .text.USB_ReadDevAllOutEpInterrupt
                0x08002eca       0x34 cmake/stm32cubemx/CMakeFiles/STM32_Drivers.dir/__/__/Drivers/STM32F4xx_HAL_Driver/Src/stm32f4xx_ll_usb.c.obj
                0x08002eca                USB_ReadDevAllOutEpInterrupt
 .text.USB_ReadDevAllInEpInterrupt
                0x08002efe       0x34 cmake/stm32cubemx/CMakeFiles/STM32_Drivers.dir/__/__/Drivers/STM32F4xx_HAL_Driver/Src/stm32f4xx_ll_usb.c.obj
                0x08002efe                USB_ReadDevAllInEpInterrupt
 .text.USB_ReadDevOutEPInterrupt
                0x08002f32       0x3c cmake/stm32cubemx/CMakeFiles/STM32_Drivers.dir/__/__/Drivers/STM32F4xx_HAL_Driver/Src/stm32f4xx_ll_usb.c.obj
                0x08002f32                USB_ReadDevOutEPInterrupt
 .text.USB_ReadDevInEPInterrupt
                0x08002f6e       0x5c cmake/stm32cubemx/CMakeFiles/STM32_Drivers.dir/__/__/Drivers/STM32F4xx_HAL_Driver/Src/stm32f4xx_ll_usb.c.obj
                0x08002f6e                USB_ReadDevInEPInterrupt
 .text.USB_GetMode
                0x08002fca       0x1c cmake/stm32cubemx/CMakeFiles/STM32_Drivers.dir/__/__/Drivers/STM32F4xx_HAL_Driver/Src/stm32f4xx_ll_usb.c.obj
                0x08002fca                USB_GetMode
 .text.USB_ActivateSetup
                0x08002fe6       0x46 cmake/stm32cubemx/CMakeFiles/STM32_Drivers.dir/__/__/Drivers/STM32F4xx_HAL_Driver/Src/stm32f4xx_ll_usb.c.obj
                0x08002fe6                USB_ActivateSetup
 .text.USB_EP0_OutStart
                0x0800302c       0xbc cmake/stm32cubemx/CMakeFiles/STM32_Drivers.dir/__/__/Drivers/STM32F4xx_HAL_Driver/Src/stm32f4xx_ll_usb.c.obj
                0x0800302c                USB_EP0_OutStart
 .text.USB_CoreReset
                0x080030e8       0x70 cmake/stm32cubemx/CMakeFiles/STM32_Drivers.dir/__/__/Drivers/STM32F4xx_HAL_Driver/Src/stm32f4xx_ll_usb.c.obj
 .text.HAL_RCC_OscConfig
                0x08003158      0x4f0 cmake/stm32cubemx/CMakeFiles/STM32_Drivers.dir/__/__/Drivers/STM32F4xx_HAL_Driver/Src/stm32f4xx_hal_rcc.c.obj
                0x08003158                HAL_RCC_OscConfig
 .text.HAL_RCC_ClockConfig
                0x08003648      0x1cc cmake/stm32cubemx/CMakeFiles/STM32_Drivers.dir/__/__/Drivers/STM32F4xx_HAL_Driver/Src/stm32f4xx_hal_rcc.c.obj
                0x08003648                HAL_RCC_ClockConfig
 .text.HAL_RCC_GetSysClockFreq
                0x08003814      0x20c cmake/stm32cubemx/CMakeFiles/STM32_Drivers.dir/__/__/Drivers/STM32F4xx_HAL_Driver/Src/stm32f4xx_hal_rcc.c.obj
                0x08003814                HAL_RCC_GetSysClockFreq
 .text.HAL_RCC_GetHCLKFreq
                0x08003a20       0x18 cmake/stm32cubemx/CMakeFiles/STM32_Drivers.dir/__/__/Drivers/STM32F4xx_HAL_Driver/Src/stm32f4xx_hal_rcc.c.obj
                0x08003a20                HAL_RCC_GetHCLKFreq
 .text.HAL_RCC_GetPCLK1Freq
                0x08003a38       0x28 cmake/stm32cubemx/CMakeFiles/STM32_Drivers.dir/__/__/Drivers/STM32F4xx_HAL_Driver/Src/stm32f4xx_hal_rcc.c.obj
                0x08003a38                HAL_RCC_GetPCLK1Freq
 .text.HAL_RCC_GetPCLK2Freq
                0x08003a60       0x28 cmake/stm32cubemx/CMakeFiles/STM32_Drivers.dir/__/__/Drivers/STM32F4xx_HAL_Driver/Src/stm32f4xx_hal_rcc.c.obj
                0x08003a60                HAL_RCC_GetPCLK2Freq
 .text.HAL_GPIO_Init
                0x08003a88      0x338 cmake/stm32cubemx/CMakeFiles/STM32_Drivers.dir/__/__/Drivers/STM32F4xx_HAL_Driver/Src/stm32f4xx_hal_gpio.c.obj
                0x08003a88                HAL_GPIO_Init
 .text.HAL_DMA_Abort
                0x08003dc0       0xe0 cmake/stm32cubemx/CMakeFiles/STM32_Drivers.dir/__/__/Drivers/STM32F4xx_HAL_Driver/Src/stm32f4xx_hal_dma.c.obj
                0x08003dc0                HAL_DMA_Abort
 .text.HAL_DMA_Abort_IT
                0x08003ea0       0x44 cmake/stm32cubemx/CMakeFiles/STM32_Drivers.dir/__/__/Drivers/STM32F4xx_HAL_Driver/Src/stm32f4xx_hal_dma.c.obj
                0x08003ea0                HAL_DMA_Abort_IT
 .text.__NVIC_SetPriorityGrouping
                0x08003ee4       0x48 cmake/stm32cubemx/CMakeFiles/STM32_Drivers.dir/__/__/Drivers/STM32F4xx_HAL_Driver/Src/stm32f4xx_hal_cortex.c.obj
 .text.__NVIC_GetPriorityGrouping
                0x08003f2c       0x1c cmake/stm32cubemx/CMakeFiles/STM32_Drivers.dir/__/__/Drivers/STM32F4xx_HAL_Driver/Src/stm32f4xx_hal_cortex.c.obj
 .text.__NVIC_EnableIRQ
                0x08003f48       0x3c cmake/stm32cubemx/CMakeFiles/STM32_Drivers.dir/__/__/Drivers/STM32F4xx_HAL_Driver/Src/stm32f4xx_hal_cortex.c.obj
 .text.__NVIC_SetPriority
                0x08003f84       0x54 cmake/stm32cubemx/CMakeFiles/STM32_Drivers.dir/__/__/Drivers/STM32F4xx_HAL_Driver/Src/stm32f4xx_hal_cortex.c.obj
 .text.NVIC_EncodePriority
                0x08003fd8       0x66 cmake/stm32cubemx/CMakeFiles/STM32_Drivers.dir/__/__/Drivers/STM32F4xx_HAL_Driver/Src/stm32f4xx_hal_cortex.c.obj
 *fill*         0x0800403e        0x2 
 .text.SysTick_Config
                0x08004040       0x44 cmake/stm32cubemx/CMakeFiles/STM32_Drivers.dir/__/__/Drivers/STM32F4xx_HAL_Driver/Src/stm32f4xx_hal_cortex.c.obj
 .text.HAL_NVIC_SetPriorityGrouping
                0x08004084       0x16 cmake/stm32cubemx/CMakeFiles/STM32_Drivers.dir/__/__/Drivers/STM32F4xx_HAL_Driver/Src/stm32f4xx_hal_cortex.c.obj
                0x08004084                HAL_NVIC_SetPriorityGrouping
 .text.HAL_NVIC_SetPriority
                0x0800409a       0x38 cmake/stm32cubemx/CMakeFiles/STM32_Drivers.dir/__/__/Drivers/STM32F4xx_HAL_Driver/Src/stm32f4xx_hal_cortex.c.obj
                0x0800409a                HAL_NVIC_SetPriority
 .text.HAL_NVIC_EnableIRQ
                0x080040d2       0x1c cmake/stm32cubemx/CMakeFiles/STM32_Drivers.dir/__/__/Drivers/STM32F4xx_HAL_Driver/Src/stm32f4xx_hal_cortex.c.obj
                0x080040d2                HAL_NVIC_EnableIRQ
 .text.HAL_SYSTICK_Config
                0x080040ee       0x18 cmake/stm32cubemx/CMakeFiles/STM32_Drivers.dir/__/__/Drivers/STM32F4xx_HAL_Driver/Src/stm32f4xx_hal_cortex.c.obj
                0x080040ee                HAL_SYSTICK_Config
 *fill*         0x08004106        0x2 
 .text.HAL_Init
                0x08004108       0x44 cmake/stm32cubemx/CMakeFiles/STM32_Drivers.dir/__/__/Drivers/STM32F4xx_HAL_Driver/Src/stm32f4xx_hal.c.obj
                0x08004108                HAL_Init
 .text.HAL_InitTick
                0x0800414c       0x60 cmake/stm32cubemx/CMakeFiles/STM32_Drivers.dir/__/__/Drivers/STM32F4xx_HAL_Driver/Src/stm32f4xx_hal.c.obj
                0x0800414c                HAL_InitTick
 .text.HAL_IncTick
                0x080041ac       0x28 cmake/stm32cubemx/CMakeFiles/STM32_Drivers.dir/__/__/Drivers/STM32F4xx_HAL_Driver/Src/stm32f4xx_hal.c.obj
                0x080041ac                HAL_IncTick
 .text.HAL_GetTick
                0x080041d4       0x18 cmake/stm32cubemx/CMakeFiles/STM32_Drivers.dir/__/__/Drivers/STM32F4xx_HAL_Driver/Src/stm32f4xx_hal.c.obj
                0x080041d4                HAL_GetTick
 .text.HAL_Delay
                0x080041ec       0x48 cmake/stm32cubemx/CMakeFiles/STM32_Drivers.dir/__/__/Drivers/STM32F4xx_HAL_Driver/Src/stm32f4xx_hal.c.obj
                0x080041ec                HAL_Delay
 .text.HAL_UART_Init
                0x08004234       0xa0 cmake/stm32cubemx/CMakeFiles/STM32_Drivers.dir/__/__/Drivers/STM32F4xx_HAL_Driver/Src/stm32f4xx_hal_uart.c.obj
                0x08004234                HAL_UART_Init
 .text.HAL_UART_IRQHandler
                0x080042d4      0x554 cmake/stm32cubemx/CMakeFiles/STM32_Drivers.dir/__/__/Drivers/STM32F4xx_HAL_Driver/Src/stm32f4xx_hal_uart.c.obj
                0x080042d4                HAL_UART_IRQHandler
 .text.HAL_UART_TxCpltCallback
                0x08004828       0x14 cmake/stm32cubemx/CMakeFiles/STM32_Drivers.dir/__/__/Drivers/STM32F4xx_HAL_Driver/Src/stm32f4xx_hal_uart.c.obj
                0x08004828                HAL_UART_TxCpltCallback
 .text.HAL_UART_RxCpltCallback
                0x0800483c       0x14 cmake/stm32cubemx/CMakeFiles/STM32_Drivers.dir/__/__/Drivers/STM32F4xx_HAL_Driver/Src/stm32f4xx_hal_uart.c.obj
                0x0800483c                HAL_UART_RxCpltCallback
 .text.HAL_UART_ErrorCallback
                0x08004850       0x14 cmake/stm32cubemx/CMakeFiles/STM32_Drivers.dir/__/__/Drivers/STM32F4xx_HAL_Driver/Src/stm32f4xx_hal_uart.c.obj
                0x08004850                HAL_UART_ErrorCallback
 .text.HAL_UARTEx_RxEventCallback
                0x08004864       0x18 cmake/stm32cubemx/CMakeFiles/STM32_Drivers.dir/__/__/Drivers/STM32F4xx_HAL_Driver/Src/stm32f4xx_hal_uart.c.obj
                0x08004864                HAL_UARTEx_RxEventCallback
 .text.UART_EndRxTransfer
                0x0800487c       0xc6 cmake/stm32cubemx/CMakeFiles/STM32_Drivers.dir/__/__/Drivers/STM32F4xx_HAL_Driver/Src/stm32f4xx_hal_uart.c.obj
 .text.UART_DMAAbortOnError
                0x08004942       0x22 cmake/stm32cubemx/CMakeFiles/STM32_Drivers.dir/__/__/Drivers/STM32F4xx_HAL_Driver/Src/stm32f4xx_hal_uart.c.obj
 .text.UART_Transmit_IT
                0x08004964       0xa0 cmake/stm32cubemx/CMakeFiles/STM32_Drivers.dir/__/__/Drivers/STM32F4xx_HAL_Driver/Src/stm32f4xx_hal_uart.c.obj
 .text.UART_EndTransmit_IT
                0x08004a04       0x30 cmake/stm32cubemx/CMakeFiles/STM32_Drivers.dir/__/__/Drivers/STM32F4xx_HAL_Driver/Src/stm32f4xx_hal_uart.c.obj
 .text.UART_Receive_IT
                0x08004a34      0x17c cmake/stm32cubemx/CMakeFiles/STM32_Drivers.dir/__/__/Drivers/STM32F4xx_HAL_Driver/Src/stm32f4xx_hal_uart.c.obj
 .text.UART_SetConfig
                0x08004bb0      0x4e8 cmake/stm32cubemx/CMakeFiles/STM32_Drivers.dir/__/__/Drivers/STM32F4xx_HAL_Driver/Src/stm32f4xx_hal_uart.c.obj
 .text.USBD_Init
                0x08005098       0x60 cmake/stm32cubemx/CMakeFiles/USB_Device_Library.dir/__/__/Middlewares/ST/STM32_USB_Device_Library/Core/Src/usbd_core.c.obj
                0x08005098                USBD_Init
 .text.USBD_RegisterClass
                0x080050f8       0x6c cmake/stm32cubemx/CMakeFiles/USB_Device_Library.dir/__/__/Middlewares/ST/STM32_USB_Device_Library/Core/Src/usbd_core.c.obj
                0x080050f8                USBD_RegisterClass
 .text.USBD_Start
                0x08005164       0x18 cmake/stm32cubemx/CMakeFiles/USB_Device_Library.dir/__/__/Middlewares/ST/STM32_USB_Device_Library/Core/Src/usbd_core.c.obj
                0x08005164                USBD_Start
 .text.USBD_RunTestMode
                0x0800517c       0x16 cmake/stm32cubemx/CMakeFiles/USB_Device_Library.dir/__/__/Middlewares/ST/STM32_USB_Device_Library/Core/Src/usbd_core.c.obj
                0x0800517c                USBD_RunTestMode
 .text.USBD_SetClassConfig
                0x08005192       0x38 cmake/stm32cubemx/CMakeFiles/USB_Device_Library.dir/__/__/Middlewares/ST/STM32_USB_Device_Library/Core/Src/usbd_core.c.obj
                0x08005192                USBD_SetClassConfig
 .text.USBD_ClrClassConfig
                0x080051ca       0x34 cmake/stm32cubemx/CMakeFiles/USB_Device_Library.dir/__/__/Middlewares/ST/STM32_USB_Device_Library/Core/Src/usbd_core.c.obj
                0x080051ca                USBD_ClrClassConfig
 .text.USBD_LL_SetupStage
                0x080051fe       0xaa cmake/stm32cubemx/CMakeFiles/USB_Device_Library.dir/__/__/Middlewares/ST/STM32_USB_Device_Library/Core/Src/usbd_core.c.obj
                0x080051fe                USBD_LL_SetupStage
 .text.USBD_LL_DataOutStage
                0x080052a8      0x178 cmake/stm32cubemx/CMakeFiles/USB_Device_Library.dir/__/__/Middlewares/ST/STM32_USB_Device_Library/Core/Src/usbd_core.c.obj
                0x080052a8                USBD_LL_DataOutStage
 .text.USBD_LL_DataInStage
                0x08005420      0x176 cmake/stm32cubemx/CMakeFiles/USB_Device_Library.dir/__/__/Middlewares/ST/STM32_USB_Device_Library/Core/Src/usbd_core.c.obj
                0x08005420                USBD_LL_DataInStage
 .text.USBD_LL_Reset
                0x08005596       0xa6 cmake/stm32cubemx/CMakeFiles/USB_Device_Library.dir/__/__/Middlewares/ST/STM32_USB_Device_Library/Core/Src/usbd_core.c.obj
                0x08005596                USBD_LL_Reset
 .text.USBD_LL_SetSpeed
                0x0800563c       0x20 cmake/stm32cubemx/CMakeFiles/USB_Device_Library.dir/__/__/Middlewares/ST/STM32_USB_Device_Library/Core/Src/usbd_core.c.obj
                0x0800563c                USBD_LL_SetSpeed
 .text.USBD_LL_Suspend
                0x0800565c       0x38 cmake/stm32cubemx/CMakeFiles/USB_Device_Library.dir/__/__/Middlewares/ST/STM32_USB_Device_Library/Core/Src/usbd_core.c.obj
                0x0800565c                USBD_LL_Suspend
 .text.USBD_LL_Resume
                0x08005694       0x30 cmake/stm32cubemx/CMakeFiles/USB_Device_Library.dir/__/__/Middlewares/ST/STM32_USB_Device_Library/Core/Src/usbd_core.c.obj
                0x08005694                USBD_LL_Resume
 .text.USBD_LL_SOF
                0x080056c4       0x40 cmake/stm32cubemx/CMakeFiles/USB_Device_Library.dir/__/__/Middlewares/ST/STM32_USB_Device_Library/Core/Src/usbd_core.c.obj
                0x080056c4                USBD_LL_SOF
 .text.USBD_LL_IsoINIncomplete
                0x08005704       0x64 cmake/stm32cubemx/CMakeFiles/USB_Device_Library.dir/__/__/Middlewares/ST/STM32_USB_Device_Library/Core/Src/usbd_core.c.obj
                0x08005704                USBD_LL_IsoINIncomplete
 .text.USBD_LL_IsoOUTIncomplete
                0x08005768       0x64 cmake/stm32cubemx/CMakeFiles/USB_Device_Library.dir/__/__/Middlewares/ST/STM32_USB_Device_Library/Core/Src/usbd_core.c.obj
                0x08005768                USBD_LL_IsoOUTIncomplete
 .text.USBD_LL_DevConnected
                0x080057cc       0x16 cmake/stm32cubemx/CMakeFiles/USB_Device_Library.dir/__/__/Middlewares/ST/STM32_USB_Device_Library/Core/Src/usbd_core.c.obj
                0x080057cc                USBD_LL_DevConnected
 .text.USBD_LL_DevDisconnected
                0x080057e2       0x46 cmake/stm32cubemx/CMakeFiles/USB_Device_Library.dir/__/__/Middlewares/ST/STM32_USB_Device_Library/Core/Src/usbd_core.c.obj
                0x080057e2                USBD_LL_DevDisconnected
 .text.USBD_CoreFindIF
                0x08005828       0x1a cmake/stm32cubemx/CMakeFiles/USB_Device_Library.dir/__/__/Middlewares/ST/STM32_USB_Device_Library/Core/Src/usbd_core.c.obj
                0x08005828                USBD_CoreFindIF
 .text.USBD_CoreFindEP
                0x08005842       0x1a cmake/stm32cubemx/CMakeFiles/USB_Device_Library.dir/__/__/Middlewares/ST/STM32_USB_Device_Library/Core/Src/usbd_core.c.obj
                0x08005842                USBD_CoreFindEP
 .text.USBD_GetEpDesc
                0x0800585c       0x70 cmake/stm32cubemx/CMakeFiles/USB_Device_Library.dir/__/__/Middlewares/ST/STM32_USB_Device_Library/Core/Src/usbd_core.c.obj
                0x0800585c                USBD_GetEpDesc
 .text.USBD_GetNextDesc
                0x080058cc       0x38 cmake/stm32cubemx/CMakeFiles/USB_Device_Library.dir/__/__/Middlewares/ST/STM32_USB_Device_Library/Core/Src/usbd_core.c.obj
                0x080058cc                USBD_GetNextDesc
 .text.SWAPBYTE
                0x08005904       0x3e cmake/stm32cubemx/CMakeFiles/USB_Device_Library.dir/__/__/Middlewares/ST/STM32_USB_Device_Library/Core/Src/usbd_ctlreq.c.obj
 *fill*         0x08005942        0x2 
 .text.USBD_StdDevReq
                0x08005944       0xe4 cmake/stm32cubemx/CMakeFiles/USB_Device_Library.dir/__/__/Middlewares/ST/STM32_USB_Device_Library/Core/Src/usbd_ctlreq.c.obj
                0x08005944                USBD_StdDevReq
 .text.USBD_StdItfReq
                0x08005a28       0xd8 cmake/stm32cubemx/CMakeFiles/USB_Device_Library.dir/__/__/Middlewares/ST/STM32_USB_Device_Library/Core/Src/usbd_ctlreq.c.obj
                0x08005a28                USBD_StdItfReq
 .text.USBD_StdEPReq
                0x08005b00      0x33e cmake/stm32cubemx/CMakeFiles/USB_Device_Library.dir/__/__/Middlewares/ST/STM32_USB_Device_Library/Core/Src/usbd_ctlreq.c.obj
                0x08005b00                USBD_StdEPReq
 *fill*         0x08005e3e        0x2 
 .text.USBD_GetDescriptor
                0x08005e40      0x2d4 cmake/stm32cubemx/CMakeFiles/USB_Device_Library.dir/__/__/Middlewares/ST/STM32_USB_Device_Library/Core/Src/usbd_ctlreq.c.obj
 .text.USBD_SetAddress
                0x08006114       0x88 cmake/stm32cubemx/CMakeFiles/USB_Device_Library.dir/__/__/Middlewares/ST/STM32_USB_Device_Library/Core/Src/usbd_ctlreq.c.obj
 .text.USBD_SetConfig
                0x0800619c      0x154 cmake/stm32cubemx/CMakeFiles/USB_Device_Library.dir/__/__/Middlewares/ST/STM32_USB_Device_Library/Core/Src/usbd_ctlreq.c.obj
 .text.USBD_GetConfig
                0x080062f0       0x6c cmake/stm32cubemx/CMakeFiles/USB_Device_Library.dir/__/__/Middlewares/ST/STM32_USB_Device_Library/Core/Src/usbd_ctlreq.c.obj
 .text.USBD_GetStatus
                0x0800635c       0x68 cmake/stm32cubemx/CMakeFiles/USB_Device_Library.dir/__/__/Middlewares/ST/STM32_USB_Device_Library/Core/Src/usbd_ctlreq.c.obj
 .text.USBD_SetFeature
                0x080063c4       0x52 cmake/stm32cubemx/CMakeFiles/USB_Device_Library.dir/__/__/Middlewares/ST/STM32_USB_Device_Library/Core/Src/usbd_ctlreq.c.obj
 .text.USBD_ClrFeature
                0x08006416       0x44 cmake/stm32cubemx/CMakeFiles/USB_Device_Library.dir/__/__/Middlewares/ST/STM32_USB_Device_Library/Core/Src/usbd_ctlreq.c.obj
 .text.USBD_ParseSetupRequest
                0x0800645a       0x74 cmake/stm32cubemx/CMakeFiles/USB_Device_Library.dir/__/__/Middlewares/ST/STM32_USB_Device_Library/Core/Src/usbd_ctlreq.c.obj
                0x0800645a                USBD_ParseSetupRequest
 .text.USBD_CtlError
                0x080064ce       0x22 cmake/stm32cubemx/CMakeFiles/USB_Device_Library.dir/__/__/Middlewares/ST/STM32_USB_Device_Library/Core/Src/usbd_ctlreq.c.obj
                0x080064ce                USBD_CtlError
 .text.USBD_GetString
                0x080064f0       0xa4 cmake/stm32cubemx/CMakeFiles/USB_Device_Library.dir/__/__/Middlewares/ST/STM32_USB_Device_Library/Core/Src/usbd_ctlreq.c.obj
                0x080064f0                USBD_GetString
 .text.USBD_GetLen
                0x08006594       0x34 cmake/stm32cubemx/CMakeFiles/USB_Device_Library.dir/__/__/Middlewares/ST/STM32_USB_Device_Library/Core/Src/usbd_ctlreq.c.obj
 .text.USBD_CtlSendData
                0x080065c8       0x3c cmake/stm32cubemx/CMakeFiles/USB_Device_Library.dir/__/__/Middlewares/ST/STM32_USB_Device_Library/Core/Src/usbd_ioreq.c.obj
                0x080065c8                USBD_CtlSendData
 .text.USBD_CtlContinueSendData
                0x08006604       0x22 cmake/stm32cubemx/CMakeFiles/USB_Device_Library.dir/__/__/Middlewares/ST/STM32_USB_Device_Library/Core/Src/usbd_ioreq.c.obj
                0x08006604                USBD_CtlContinueSendData
 .text.USBD_CtlPrepareRx
                0x08006626       0x42 cmake/stm32cubemx/CMakeFiles/USB_Device_Library.dir/__/__/Middlewares/ST/STM32_USB_Device_Library/Core/Src/usbd_ioreq.c.obj
                0x08006626                USBD_CtlPrepareRx
 .text.USBD_CtlContinueRx
                0x08006668       0x22 cmake/stm32cubemx/CMakeFiles/USB_Device_Library.dir/__/__/Middlewares/ST/STM32_USB_Device_Library/Core/Src/usbd_ioreq.c.obj
                0x08006668                USBD_CtlContinueRx
 .text.USBD_CtlSendStatus
                0x0800668a       0x26 cmake/stm32cubemx/CMakeFiles/USB_Device_Library.dir/__/__/Middlewares/ST/STM32_USB_Device_Library/Core/Src/usbd_ioreq.c.obj
                0x0800668a                USBD_CtlSendStatus
 .text.USBD_CtlReceiveStatus
                0x080066b0       0x26 cmake/stm32cubemx/CMakeFiles/USB_Device_Library.dir/__/__/Middlewares/ST/STM32_USB_Device_Library/Core/Src/usbd_ioreq.c.obj
                0x080066b0                USBD_CtlReceiveStatus
 *fill*         0x080066d6        0x2 
 .text.USBD_CDC_Init
                0x080066d8      0x1f0 cmake/stm32cubemx/CMakeFiles/USB_Device_Library.dir/__/__/Middlewares/ST/STM32_USB_Device_Library/Class/CDC/Src/usbd_cdc.c.obj
 .text.USBD_CDC_DeInit
                0x080068c8      0x104 cmake/stm32cubemx/CMakeFiles/USB_Device_Library.dir/__/__/Middlewares/ST/STM32_USB_Device_Library/Class/CDC/Src/usbd_cdc.c.obj
 .text.USBD_CDC_Setup
                0x080069cc      0x1b8 cmake/stm32cubemx/CMakeFiles/USB_Device_Library.dir/__/__/Middlewares/ST/STM32_USB_Device_Library/Class/CDC/Src/usbd_cdc.c.obj
 .text.USBD_CDC_DataIn
                0x08006b84       0xfe cmake/stm32cubemx/CMakeFiles/USB_Device_Library.dir/__/__/Middlewares/ST/STM32_USB_Device_Library/Class/CDC/Src/usbd_cdc.c.obj
 .text.USBD_CDC_DataOut
                0x08006c82       0x70 cmake/stm32cubemx/CMakeFiles/USB_Device_Library.dir/__/__/Middlewares/ST/STM32_USB_Device_Library/Class/CDC/Src/usbd_cdc.c.obj
 .text.USBD_CDC_EP0_RxReady
                0x08006cf2       0x74 cmake/stm32cubemx/CMakeFiles/USB_Device_Library.dir/__/__/Middlewares/ST/STM32_USB_Device_Library/Class/CDC/Src/usbd_cdc.c.obj
 *fill*         0x08006d66        0x2 
 .text.USBD_CDC_GetFSCfgDesc
                0x08006d68       0x70 cmake/stm32cubemx/CMakeFiles/USB_Device_Library.dir/__/__/Middlewares/ST/STM32_USB_Device_Library/Class/CDC/Src/usbd_cdc.c.obj
 .text.USBD_CDC_GetHSCfgDesc
                0x08006dd8       0x70 cmake/stm32cubemx/CMakeFiles/USB_Device_Library.dir/__/__/Middlewares/ST/STM32_USB_Device_Library/Class/CDC/Src/usbd_cdc.c.obj
 .text.USBD_CDC_GetOtherSpeedCfgDesc
                0x08006e48       0x70 cmake/stm32cubemx/CMakeFiles/USB_Device_Library.dir/__/__/Middlewares/ST/STM32_USB_Device_Library/Class/CDC/Src/usbd_cdc.c.obj
 .text.USBD_CDC_GetDeviceQualifierDescriptor
                0x08006eb8       0x20 cmake/stm32cubemx/CMakeFiles/USB_Device_Library.dir/__/__/Middlewares/ST/STM32_USB_Device_Library/Class/CDC/Src/usbd_cdc.c.obj
                0x08006eb8                USBD_CDC_GetDeviceQualifierDescriptor
 .text.USBD_CDC_RegisterInterface
                0x08006ed8       0x34 cmake/stm32cubemx/CMakeFiles/USB_Device_Library.dir/__/__/Middlewares/ST/STM32_USB_Device_Library/Class/CDC/Src/usbd_cdc.c.obj
                0x08006ed8                USBD_CDC_RegisterInterface
 .text.USBD_CDC_SetTxBuffer
                0x08006f0c       0x44 cmake/stm32cubemx/CMakeFiles/USB_Device_Library.dir/__/__/Middlewares/ST/STM32_USB_Device_Library/Class/CDC/Src/usbd_cdc.c.obj
                0x08006f0c                USBD_CDC_SetTxBuffer
 .text.USBD_CDC_SetRxBuffer
                0x08006f50       0x3a cmake/stm32cubemx/CMakeFiles/USB_Device_Library.dir/__/__/Middlewares/ST/STM32_USB_Device_Library/Class/CDC/Src/usbd_cdc.c.obj
                0x08006f50                USBD_CDC_SetRxBuffer
 *fill*         0x08006f8a        0x2 
 .text.USBD_CDC_ReceivePacket
                0x08006f8c       0x6c cmake/stm32cubemx/CMakeFiles/USB_Device_Library.dir/__/__/Middlewares/ST/STM32_USB_Device_Library/Class/CDC/Src/usbd_cdc.c.obj
                0x08006f8c                USBD_CDC_ReceivePacket
 .text.HAL_PCD_MspInit
                0x08006ff8       0xa8 CMakeFiles/cdc.dir/USB_DEVICE/Target/usbd_conf.c.obj
                0x08006ff8                HAL_PCD_MspInit
 .text.HAL_PCD_SetupStageCallback
                0x080070a0       0x24 CMakeFiles/cdc.dir/USB_DEVICE/Target/usbd_conf.c.obj
                0x080070a0                HAL_PCD_SetupStageCallback
 .text.HAL_PCD_DataOutStageCallback
                0x080070c4       0x36 CMakeFiles/cdc.dir/USB_DEVICE/Target/usbd_conf.c.obj
                0x080070c4                HAL_PCD_DataOutStageCallback
 .text.HAL_PCD_DataInStageCallback
                0x080070fa       0x34 CMakeFiles/cdc.dir/USB_DEVICE/Target/usbd_conf.c.obj
                0x080070fa                HAL_PCD_DataInStageCallback
 .text.HAL_PCD_SOFCallback
                0x0800712e       0x1c CMakeFiles/cdc.dir/USB_DEVICE/Target/usbd_conf.c.obj
                0x0800712e                HAL_PCD_SOFCallback
 .text.HAL_PCD_ResetCallback
                0x0800714a       0x50 CMakeFiles/cdc.dir/USB_DEVICE/Target/usbd_conf.c.obj
                0x0800714a                HAL_PCD_ResetCallback
 *fill*         0x0800719a        0x2 
 .text.HAL_PCD_SuspendCallback
                0x0800719c       0x4c CMakeFiles/cdc.dir/USB_DEVICE/Target/usbd_conf.c.obj
                0x0800719c                HAL_PCD_SuspendCallback
 .text.HAL_PCD_ResumeCallback
                0x080071e8       0x1c CMakeFiles/cdc.dir/USB_DEVICE/Target/usbd_conf.c.obj
                0x080071e8                HAL_PCD_ResumeCallback
 .text.HAL_PCD_ISOOUTIncompleteCallback
                0x08007204       0x24 CMakeFiles/cdc.dir/USB_DEVICE/Target/usbd_conf.c.obj
                0x08007204                HAL_PCD_ISOOUTIncompleteCallback
 .text.HAL_PCD_ISOINIncompleteCallback
                0x08007228       0x24 CMakeFiles/cdc.dir/USB_DEVICE/Target/usbd_conf.c.obj
                0x08007228                HAL_PCD_ISOINIncompleteCallback
 .text.HAL_PCD_ConnectCallback
                0x0800724c       0x1c CMakeFiles/cdc.dir/USB_DEVICE/Target/usbd_conf.c.obj
                0x0800724c                HAL_PCD_ConnectCallback
 .text.HAL_PCD_DisconnectCallback
                0x08007268       0x1c CMakeFiles/cdc.dir/USB_DEVICE/Target/usbd_conf.c.obj
                0x08007268                HAL_PCD_DisconnectCallback
 .text.USBD_LL_Init
                0x08007284       0x98 CMakeFiles/cdc.dir/USB_DEVICE/Target/usbd_conf.c.obj
                0x08007284                USBD_LL_Init
 .text.USBD_LL_Start
                0x0800731c       0x36 CMakeFiles/cdc.dir/USB_DEVICE/Target/usbd_conf.c.obj
                0x0800731c                USBD_LL_Start
 .text.USBD_LL_OpenEP
                0x08007352       0x4c CMakeFiles/cdc.dir/USB_DEVICE/Target/usbd_conf.c.obj
                0x08007352                USBD_LL_OpenEP
 .text.USBD_LL_CloseEP
                0x0800739e       0x3e CMakeFiles/cdc.dir/USB_DEVICE/Target/usbd_conf.c.obj
                0x0800739e                USBD_LL_CloseEP
 .text.USBD_LL_StallEP
                0x080073dc       0x3e CMakeFiles/cdc.dir/USB_DEVICE/Target/usbd_conf.c.obj
                0x080073dc                USBD_LL_StallEP
 .text.USBD_LL_ClearStallEP
                0x0800741a       0x3e CMakeFiles/cdc.dir/USB_DEVICE/Target/usbd_conf.c.obj
                0x0800741a                USBD_LL_ClearStallEP
 .text.USBD_LL_IsStallEP
                0x08007458       0x58 CMakeFiles/cdc.dir/USB_DEVICE/Target/usbd_conf.c.obj
                0x08007458                USBD_LL_IsStallEP
 .text.USBD_LL_SetUSBAddress
                0x080074b0       0x3e CMakeFiles/cdc.dir/USB_DEVICE/Target/usbd_conf.c.obj
                0x080074b0                USBD_LL_SetUSBAddress
 .text.USBD_LL_Transmit
                0x080074ee       0x42 CMakeFiles/cdc.dir/USB_DEVICE/Target/usbd_conf.c.obj
                0x080074ee                USBD_LL_Transmit
 .text.USBD_LL_PrepareReceive
                0x08007530       0x42 CMakeFiles/cdc.dir/USB_DEVICE/Target/usbd_conf.c.obj
                0x08007530                USBD_LL_PrepareReceive
 .text.USBD_LL_GetRxDataSize
                0x08007572       0x26 CMakeFiles/cdc.dir/USB_DEVICE/Target/usbd_conf.c.obj
                0x08007572                USBD_LL_GetRxDataSize
 .text.USBD_static_malloc
                0x08007598       0x1c CMakeFiles/cdc.dir/USB_DEVICE/Target/usbd_conf.c.obj
                0x08007598                USBD_static_malloc
 .text.USBD_static_free
                0x080075b4       0x14 CMakeFiles/cdc.dir/USB_DEVICE/Target/usbd_conf.c.obj
                0x080075b4                USBD_static_free
 .text.USBD_Get_USB_Status
                0x080075c8       0x58 CMakeFiles/cdc.dir/USB_DEVICE/Target/usbd_conf.c.obj
                0x080075c8                USBD_Get_USB_Status
 .text.MX_USB_DEVICE_Init
                0x08007620       0x60 CMakeFiles/cdc.dir/USB_DEVICE/App/usb_device.c.obj
                0x08007620                MX_USB_DEVICE_Init
 .text.USBD_FS_DeviceDescriptor
                0x08007680       0x24 CMakeFiles/cdc.dir/USB_DEVICE/App/usbd_desc.c.obj
                0x08007680                USBD_FS_DeviceDescriptor
 .text.USBD_FS_LangIDStrDescriptor
                0x080076a4       0x24 CMakeFiles/cdc.dir/USB_DEVICE/App/usbd_desc.c.obj
                0x080076a4                USBD_FS_LangIDStrDescriptor
 .text.USBD_FS_ProductStrDescriptor
                0x080076c8       0x3c CMakeFiles/cdc.dir/USB_DEVICE/App/usbd_desc.c.obj
                0x080076c8                USBD_FS_ProductStrDescriptor
 .text.USBD_FS_ManufacturerStrDescriptor
                0x08007704       0x28 CMakeFiles/cdc.dir/USB_DEVICE/App/usbd_desc.c.obj
                0x08007704                USBD_FS_ManufacturerStrDescriptor
 .text.USBD_FS_SerialStrDescriptor
                0x0800772c       0x24 CMakeFiles/cdc.dir/USB_DEVICE/App/usbd_desc.c.obj
                0x0800772c                USBD_FS_SerialStrDescriptor
 .text.USBD_FS_ConfigStrDescriptor
                0x08007750       0x3c CMakeFiles/cdc.dir/USB_DEVICE/App/usbd_desc.c.obj
                0x08007750                USBD_FS_ConfigStrDescriptor
 .text.USBD_FS_InterfaceStrDescriptor
                0x0800778c       0x3c CMakeFiles/cdc.dir/USB_DEVICE/App/usbd_desc.c.obj
                0x0800778c                USBD_FS_InterfaceStrDescriptor
 .text.Get_SerialNum
                0x080077c8       0x58 CMakeFiles/cdc.dir/USB_DEVICE/App/usbd_desc.c.obj
 .text.IntToUnicode
                0x08007820       0x7e CMakeFiles/cdc.dir/USB_DEVICE/App/usbd_desc.c.obj
 *fill*         0x0800789e        0x2 
 .text.CDC_Init_FS
                0x080078a0       0x28 CMakeFiles/cdc.dir/USB_DEVICE/App/usbd_cdc_if.c.obj
 .text.CDC_DeInit_FS
                0x080078c8       0x10 CMakeFiles/cdc.dir/USB_DEVICE/App/usbd_cdc_if.c.obj
 .text.CDC_Control_FS
                0x080078d8       0xbc CMakeFiles/cdc.dir/USB_DEVICE/App/usbd_cdc_if.c.obj
 .text.CDC_Receive_FS
                0x08007994       0x28 CMakeFiles/cdc.dir/USB_DEVICE/App/usbd_cdc_if.c.obj
 .text.CDC_TransmitCplt_FS
                0x080079bc       0x22 CMakeFiles/cdc.dir/USB_DEVICE/App/usbd_cdc_if.c.obj
 .text.main     0x080079de       0x1c CMakeFiles/cdc.dir/Core/Src/main.c.obj
                0x080079de                main
 *fill*         0x080079fa        0x2 
 .text.SystemClock_Config
                0x080079fc       0xd4 CMakeFiles/cdc.dir/Core/Src/main.c.obj
                0x080079fc                SystemClock_Config
 .text.Error_Handler
                0x08007ad0        0xc CMakeFiles/cdc.dir/Core/Src/main.c.obj
                0x08007ad0                Error_Handler
 .text.MX_GPIO_Init
                0x08007adc       0x50 CMakeFiles/cdc.dir/Core/Src/gpio.c.obj
                0x08007adc                MX_GPIO_Init
 .text.MX_USART1_UART_Init
                0x08007b2c       0x54 CMakeFiles/cdc.dir/Core/Src/usart.c.obj
                0x08007b2c                MX_USART1_UART_Init
 .text.HAL_UART_MspInit
                0x08007b80       0xa0 CMakeFiles/cdc.dir/Core/Src/usart.c.obj
                0x08007b80                HAL_UART_MspInit
 .text.NMI_Handler
                0x08007c20        0x8 CMakeFiles/cdc.dir/Core/Src/stm32f4xx_it.c.obj
                0x08007c20                NMI_Handler
 .text.HardFault_Handler
                0x08007c28        0x8 CMakeFiles/cdc.dir/Core/Src/stm32f4xx_it.c.obj
                0x08007c28                HardFault_Handler
 .text.MemManage_Handler
                0x08007c30        0x8 CMakeFiles/cdc.dir/Core/Src/stm32f4xx_it.c.obj
                0x08007c30                MemManage_Handler
 .text.BusFault_Handler
                0x08007c38        0x8 CMakeFiles/cdc.dir/Core/Src/stm32f4xx_it.c.obj
                0x08007c38                BusFault_Handler
 .text.UsageFault_Handler
                0x08007c40        0x8 CMakeFiles/cdc.dir/Core/Src/stm32f4xx_it.c.obj
                0x08007c40                UsageFault_Handler
 .text.SVC_Handler
                0x08007c48        0xe CMakeFiles/cdc.dir/Core/Src/stm32f4xx_it.c.obj
                0x08007c48                SVC_Handler
 .text.DebugMon_Handler
                0x08007c56        0xe CMakeFiles/cdc.dir/Core/Src/stm32f4xx_it.c.obj
                0x08007c56                DebugMon_Handler
 .text.PendSV_Handler
                0x08007c64        0xe CMakeFiles/cdc.dir/Core/Src/stm32f4xx_it.c.obj
                0x08007c64                PendSV_Handler
 .text.SysTick_Handler
                0x08007c72        0xc CMakeFiles/cdc.dir/Core/Src/stm32f4xx_it.c.obj
                0x08007c72                SysTick_Handler
 *fill*         0x08007c7e        0x2 
 .text.USART1_IRQHandler
                0x08007c80       0x14 CMakeFiles/cdc.dir/Core/Src/stm32f4xx_it.c.obj
                0x08007c80                USART1_IRQHandler
 .text.OTG_FS_IRQHandler
                0x08007c94       0x14 CMakeFiles/cdc.dir/Core/Src/stm32f4xx_it.c.obj
                0x08007c94                OTG_FS_IRQHandler
 .text.HAL_MspInit
                0x08007ca8       0x50 CMakeFiles/cdc.dir/Core/Src/stm32f4xx_hal_msp.c.obj
                0x08007ca8                HAL_MspInit
 .text.Reset_Handler
                0x08007cf8       0x50 CMakeFiles/cdc.dir/startup_stm32f407xx.s.obj
                0x08007cf8                Reset_Handler
 .text.Default_Handler
                0x08007d48        0x2 CMakeFiles/cdc.dir/startup_stm32f407xx.s.obj
                0x08007d48                RTC_Alarm_IRQHandler
                0x08007d48                HASH_RNG_IRQHandler
                0x08007d48                EXTI2_IRQHandler
                0x08007d48                TIM8_CC_IRQHandler
                0x08007d48                TIM1_CC_IRQHandler
                0x08007d48                DMA2_Stream5_IRQHandler
                0x08007d48                DMA1_Stream5_IRQHandler
                0x08007d48                PVD_IRQHandler
                0x08007d48                SDIO_IRQHandler
                0x08007d48                TAMP_STAMP_IRQHandler
                0x08007d48                CAN2_RX1_IRQHandler
                0x08007d48                EXTI3_IRQHandler
                0x08007d48                TIM8_TRG_COM_TIM14_IRQHandler
                0x08007d48                TIM1_UP_TIM10_IRQHandler
                0x08007d48                TIM8_UP_TIM13_IRQHandler
                0x08007d48                I2C3_ER_IRQHandler
                0x08007d48                EXTI0_IRQHandler
                0x08007d48                I2C2_EV_IRQHandler
                0x08007d48                DMA1_Stream2_IRQHandler
                0x08007d48                CAN1_RX0_IRQHandler
                0x08007d48                FPU_IRQHandler
                0x08007d48                OTG_HS_WKUP_IRQHandler
                0x08007d48                CAN2_SCE_IRQHandler
                0x08007d48                DMA2_Stream2_IRQHandler
                0x08007d48                SPI1_IRQHandler
                0x08007d48                TIM6_DAC_IRQHandler
                0x08007d48                TIM1_BRK_TIM9_IRQHandler
                0x08007d48                DCMI_IRQHandler
                0x08007d48                CAN2_RX0_IRQHandler
                0x08007d48                DMA2_Stream3_IRQHandler
                0x08007d48                USART6_IRQHandler
                0x08007d48                USART3_IRQHandler
                0x08007d48                CAN1_RX1_IRQHandler
                0x08007d48                UART5_IRQHandler
                0x08007d48                DMA2_Stream0_IRQHandler
                0x08007d48                TIM4_IRQHandler
                0x08007d48                I2C1_EV_IRQHandler
                0x08007d48                DMA1_Stream6_IRQHandler
                0x08007d48                DMA1_Stream1_IRQHandler
                0x08007d48                UART4_IRQHandler
                0x08007d48                TIM3_IRQHandler
                0x08007d48                RCC_IRQHandler
                0x08007d48                TIM8_BRK_TIM12_IRQHandler
                0x08007d48                Default_Handler
                0x08007d48                EXTI15_10_IRQHandler
                0x08007d48                ADC_IRQHandler
                0x08007d48                DMA1_Stream7_IRQHandler
                0x08007d48                TIM7_IRQHandler
                0x08007d48                CAN2_TX_IRQHandler
                0x08007d48                TIM5_IRQHandler
                0x08007d48                DMA2_Stream7_IRQHandler
                0x08007d48                I2C3_EV_IRQHandler
                0x08007d48                EXTI9_5_IRQHandler
                0x08007d48                RTC_WKUP_IRQHandler
                0x08007d48                ETH_WKUP_IRQHandler
                0x08007d48                SPI2_IRQHandler
                0x08007d48                OTG_HS_EP1_IN_IRQHandler
                0x08007d48                DMA1_Stream0_IRQHandler
                0x08007d48                CAN1_TX_IRQHandler
                0x08007d48                EXTI4_IRQHandler
                0x08007d48                FSMC_IRQHandler
                0x08007d48                ETH_IRQHandler
                0x08007d48                OTG_HS_EP1_OUT_IRQHandler
                0x08007d48                WWDG_IRQHandler
                0x08007d48                TIM2_IRQHandler
                0x08007d48                OTG_FS_WKUP_IRQHandler
                0x08007d48                TIM1_TRG_COM_TIM11_IRQHandler
                0x08007d48                OTG_HS_IRQHandler
                0x08007d48                EXTI1_IRQHandler
                0x08007d48                USART2_IRQHandler
                0x08007d48                I2C2_ER_IRQHandler
                0x08007d48                DMA2_Stream1_IRQHandler
                0x08007d48                CAN1_SCE_IRQHandler
                0x08007d48                FLASH_IRQHandler
                0x08007d48                DMA2_Stream4_IRQHandler
                0x08007d48                SPI3_IRQHandler
                0x08007d48                DMA1_Stream4_IRQHandler
                0x08007d48                I2C1_ER_IRQHandler
                0x08007d48                DMA2_Stream6_IRQHandler
                0x08007d48                DMA1_Stream3_IRQHandler
 *(.glue_7)
 .glue_7        0x08007d4a        0x0 linker stubs
 *(.glue_7t)
 .glue_7t       0x08007d4a        0x0 linker stubs
 *(.eh_frame)
 *fill*         0x08007d4a        0x2 
 .eh_frame      0x08007d4c        0x0 /usr/lib/gcc/arm-none-eabi/13.2.1/thumb/v7e-m+fp/hard/crtbegin.o
 *(.init)
 .init          0x08007d4c        0x4 /usr/lib/gcc/arm-none-eabi/13.2.1/thumb/v7e-m+fp/hard/crti.o
                0x08007d4c                _init
 .init          0x08007d50        0x8 /usr/lib/gcc/arm-none-eabi/13.2.1/thumb/v7e-m+fp/hard/crtn.o
 *(.fini)
 .fini          0x08007d58        0x4 /usr/lib/gcc/arm-none-eabi/13.2.1/thumb/v7e-m+fp/hard/crti.o
                0x08007d58                _fini
 .fini          0x08007d5c        0x8 /usr/lib/gcc/arm-none-eabi/13.2.1/thumb/v7e-m+fp/hard/crtn.o
                0x08007d64                        . = ALIGN (0x4)
                0x08007d64                        _etext = .

.vfp11_veneer   0x08007d64        0x0
 .vfp11_veneer  0x08007d64        0x0 linker stubs

.v4_bx          0x08007d64        0x0
 .v4_bx         0x08007d64        0x0 linker stubs

.iplt           0x08007d64        0x0
 .iplt          0x08007d64        0x0 /usr/lib/gcc/arm-none-eabi/13.2.1/thumb/v7e-m+fp/hard/crtbegin.o

.rodata         0x08007d64       0x60
                0x08007d64                        . = ALIGN (0x4)
 *(.rodata)
 .rodata        0x08007d64       0x46 CMakeFiles/cdc.dir/USB_DEVICE/App/usbd_desc.c.obj
 *(.rodata*)
 *fill*         0x08007daa        0x2 
 .rodata.AHBPrescTable
                0x08007dac       0x10 cmake/stm32cubemx/CMakeFiles/STM32_Drivers.dir/__/__/Core/Src/system_stm32f4xx.c.obj
                0x08007dac                AHBPrescTable
 .rodata.APBPrescTable
                0x08007dbc        0x8 cmake/stm32cubemx/CMakeFiles/STM32_Drivers.dir/__/__/Core/Src/system_stm32f4xx.c.obj
                0x08007dbc                APBPrescTable
                0x08007dc4                        . = ALIGN (0x4)

.ARM.extab      0x08007dc4        0x0
                0x08007dc4                        . = ALIGN (0x4)
 *(.ARM.extab* .gnu.linkonce.armextab.*)
                0x08007dc4                        . = ALIGN (0x4)

.ARM            0x08007dc4        0x8
                0x08007dc4                        . = ALIGN (0x4)
                0x08007dc4                        __exidx_start = .
 *(.ARM.exidx*)
 .ARM.exidx     0x08007dc4        0x8 /usr/lib/gcc/arm-none-eabi/13.2.1/thumb/v7e-m+fp/hard/libgcc.a(_udivmoddi4.o)
                0x08007dcc                        __exidx_end = .
                0x08007dcc                        . = ALIGN (0x4)

.preinit_array  0x08007dcc        0x0
                0x08007dcc                        . = ALIGN (0x4)
                0x08007dcc                        PROVIDE (__preinit_array_start = .)
 *(.preinit_array*)
                0x08007dcc                        PROVIDE (__preinit_array_end = .)
                0x08007dcc                        . = ALIGN (0x4)

.init_array     0x08007dcc        0x4
                0x08007dcc                        . = ALIGN (0x4)
                0x08007dcc                        PROVIDE (__init_array_start = .)
 *(SORT_BY_NAME(.init_array.*))
 *(.init_array*)
 .init_array    0x08007dcc        0x4 /usr/lib/gcc/arm-none-eabi/13.2.1/thumb/v7e-m+fp/hard/crtbegin.o
                0x08007dd0                        PROVIDE (__init_array_end = .)
                0x08007dd0                        . = ALIGN (0x4)

.fini_array     0x08007dd0        0x4
                0x08007dd0                        . = ALIGN (0x4)
                0x08007dd0                        PROVIDE (__fini_array_start = .)
 *(SORT_BY_NAME(.fini_array.*))
 *(.fini_array*)
 .fini_array    0x08007dd0        0x4 /usr/lib/gcc/arm-none-eabi/13.2.1/thumb/v7e-m+fp/hard/crtbegin.o
                0x08007dd4                        PROVIDE (__fini_array_end = .)
                0x08007dd4                        . = ALIGN (0x4)
                0x08007dd4                        _siccmram = LOADADDR (.ccmram)

.rel.dyn        0x08007dd4        0x0
 .rel.iplt      0x08007dd4        0x0 /usr/lib/gcc/arm-none-eabi/13.2.1/thumb/v7e-m+fp/hard/crtbegin.o

.ccmram         0x10000000        0x0 load address 0x08007dd4
                0x10000000                        . = ALIGN (0x4)
                0x10000000                        _sccmram = .
 *(.ccmram)
 *(.ccmram*)
                0x10000000                        . = ALIGN (0x4)
                0x10000000                        _eccmram = .
                0x08007dd4                        _sidata = LOADADDR (.data)

.data           0x20000000       0xfc load address 0x08007dd4
                0x20000000                        . = ALIGN (0x4)
                0x20000000                        _sdata = .
 *(.data)
 *(.data*)
 .data.SystemCoreClock
                0x20000000        0x4 cmake/stm32cubemx/CMakeFiles/STM32_Drivers.dir/__/__/Core/Src/system_stm32f4xx.c.obj
                0x20000000                SystemCoreClock
 .data.uwTickPrio
                0x20000004        0x4 cmake/stm32cubemx/CMakeFiles/STM32_Drivers.dir/__/__/Drivers/STM32F4xx_HAL_Driver/Src/stm32f4xx_hal.c.obj
                0x20000004                uwTickPrio
 .data.uwTickFreq
                0x20000008        0x1 cmake/stm32cubemx/CMakeFiles/STM32_Drivers.dir/__/__/Drivers/STM32F4xx_HAL_Driver/Src/stm32f4xx_hal.c.obj
                0x20000008                uwTickFreq
 *fill*         0x20000009        0x3 
 .data.USBD_CDC_DeviceQualifierDesc
                0x2000000c        0xa cmake/stm32cubemx/CMakeFiles/USB_Device_Library.dir/__/__/Middlewares/ST/STM32_USB_Device_Library/Class/CDC/Src/usbd_cdc.c.obj
 *fill*         0x20000016        0x2 
 .data.USBD_CDC
                0x20000018       0x38 cmake/stm32cubemx/CMakeFiles/USB_Device_Library.dir/__/__/Middlewares/ST/STM32_USB_Device_Library/Class/CDC/Src/usbd_cdc.c.obj
                0x20000018                USBD_CDC
 .data.USBD_CDC_CfgDesc
                0x20000050       0x43 cmake/stm32cubemx/CMakeFiles/USB_Device_Library.dir/__/__/Middlewares/ST/STM32_USB_Device_Library/Class/CDC/Src/usbd_cdc.c.obj
 .data.CDCInEpAdd
                0x20000093        0x1 cmake/stm32cubemx/CMakeFiles/USB_Device_Library.dir/__/__/Middlewares/ST/STM32_USB_Device_Library/Class/CDC/Src/usbd_cdc.c.obj
 .data.CDCOutEpAdd
                0x20000094        0x1 cmake/stm32cubemx/CMakeFiles/USB_Device_Library.dir/__/__/Middlewares/ST/STM32_USB_Device_Library/Class/CDC/Src/usbd_cdc.c.obj
 .data.CDCCmdEpAdd
                0x20000095        0x1 cmake/stm32cubemx/CMakeFiles/USB_Device_Library.dir/__/__/Middlewares/ST/STM32_USB_Device_Library/Class/CDC/Src/usbd_cdc.c.obj
 *fill*         0x20000096        0x2 
 .data.FS_Desc  0x20000098       0x1c CMakeFiles/cdc.dir/USB_DEVICE/App/usbd_desc.c.obj
                0x20000098                FS_Desc
 .data.USBD_FS_DeviceDesc
                0x200000b4       0x12 CMakeFiles/cdc.dir/USB_DEVICE/App/usbd_desc.c.obj
                0x200000b4                USBD_FS_DeviceDesc
 *fill*         0x200000c6        0x2 
 .data.USBD_LangIDDesc
                0x200000c8        0x4 CMakeFiles/cdc.dir/USB_DEVICE/App/usbd_desc.c.obj
                0x200000c8                USBD_LangIDDesc
 .data.USBD_StringSerial
                0x200000cc       0x1a CMakeFiles/cdc.dir/USB_DEVICE/App/usbd_desc.c.obj
                0x200000cc                USBD_StringSerial
 *fill*         0x200000e6        0x2 
 .data.USBD_Interface_fops_FS
                0x200000e8       0x14 CMakeFiles/cdc.dir/USB_DEVICE/App/usbd_cdc_if.c.obj
                0x200000e8                USBD_Interface_fops_FS
 *(.RamFunc)
 *(.RamFunc*)
                0x200000fc                        . = ALIGN (0x4)

.tm_clone_table
                0x200000fc        0x0 load address 0x08007ed0
 .tm_clone_table
                0x200000fc        0x0 /usr/lib/gcc/arm-none-eabi/13.2.1/thumb/v7e-m+fp/hard/crtbegin.o
 .tm_clone_table
                0x200000fc        0x0 /usr/lib/gcc/arm-none-eabi/13.2.1/thumb/v7e-m+fp/hard/crtend.o

.igot.plt       0x200000fc        0x0 load address 0x08007ed0
 .igot.plt      0x200000fc        0x0 /usr/lib/gcc/arm-none-eabi/13.2.1/thumb/v7e-m+fp/hard/crtbegin.o

.tdata          0x200000fc        0x0 load address 0x08007ed0
 *(.tdata .tdata.* .gnu.linkonce.td.*)
                0x200000fc                        . = ALIGN (0x4)
                0x200000fc                        _edata = .
                [!provide]                        PROVIDE (__data_end = .)
                [!provide]                        PROVIDE (__tdata_end = .)
                [!provide]                        PROVIDE (__tdata_start = ADDR (.tdata))
                [!provide]                        PROVIDE (__tdata_size = (__tdata_end - __tdata_start))
                [!provide]                        PROVIDE (__data_start = ADDR (.data))
                [!provide]                        PROVIDE (__data_size = (__data_end - __data_start))
                [!provide]                        PROVIDE (__tdata_source = LOADADDR (.tdata))
                [!provide]                        PROVIDE (__tdata_source_end = (LOADADDR (.tdata) + SIZEOF (.tdata)))
                [!provide]                        PROVIDE (__tdata_source_size = (__tdata_source_end - __tdata_source))
                [!provide]                        PROVIDE (__data_source = LOADADDR (.data))
                [!provide]                        PROVIDE (__data_source_end = __tdata_source_end)
                [!provide]                        PROVIDE (__data_source_size = (__data_source_end - __data_source))

.tbss           0x200000fc        0x0 load address 0x08007ed0
                0x200000fc                        _sbss = .
                0x200000fc                        __bss_start__ = _sbss
 *(.tbss .tbss.*)
                0x200000fc                        . = ALIGN (0x4)
                [!provide]                        PROVIDE (__tbss_end = .)
                [!provide]                        PROVIDE (__tbss_start = ADDR (.tbss))
                [!provide]                        PROVIDE (__tbss_size = (__tbss_end - __tbss_start))
                [!provide]                        PROVIDE (__tbss_offset = (ADDR (.tbss) - ADDR (.tdata)))
                [!provide]                        PROVIDE (__tls_base = __tdata_start)
                [!provide]                        PROVIDE (__tls_end = __tbss_end)
                [!provide]                        PROVIDE (__tls_size = (__tls_end - __tls_base))
                [!provide]                        PROVIDE (__tls_align = MAX (ALIGNOF (.tdata), ALIGNOF (.tbss)))
                [!provide]                        PROVIDE (__tls_size_align = (((__tls_size + __tls_align) - 0x1) & ~ ((__tls_align - 0x1))))
                [!provide]                        PROVIDE (__arm32_tls_tcb_offset = MAX (0x8, __tls_align))
                [!provide]                        PROVIDE (__arm64_tls_tcb_offset = MAX (0x10, __tls_align))

.bss            0x200000fc     0x1c4c load address 0x08007ed0
 *(.bss)
 .bss           0x200000fc       0x1c /usr/lib/gcc/arm-none-eabi/13.2.1/thumb/v7e-m+fp/hard/crtbegin.o
 *(.bss*)
 .bss.uwTick    0x20000118        0x4 cmake/stm32cubemx/CMakeFiles/STM32_Drivers.dir/__/__/Drivers/STM32F4xx_HAL_Driver/Src/stm32f4xx_hal.c.obj
                0x20000118                uwTick
 .bss.cfgidx.0  0x2000011c        0x1 cmake/stm32cubemx/CMakeFiles/USB_Device_Library.dir/__/__/Middlewares/ST/STM32_USB_Device_Library/Core/Src/usbd_ctlreq.c.obj
 *fill*         0x2000011d        0x3 
 .bss.hpcd_USB_OTG_FS
                0x20000120      0x4e4 CMakeFiles/cdc.dir/USB_DEVICE/Target/usbd_conf.c.obj
                0x20000120                hpcd_USB_OTG_FS
 .bss.mem.0     0x20000604      0x220 CMakeFiles/cdc.dir/USB_DEVICE/Target/usbd_conf.c.obj
 .bss.hUsbDeviceFS
                0x20000824      0x2dc CMakeFiles/cdc.dir/USB_DEVICE/App/usb_device.c.obj
                0x20000824                hUsbDeviceFS
 .bss.USBD_StrDesc
                0x20000b00      0x200 CMakeFiles/cdc.dir/USB_DEVICE/App/usbd_desc.c.obj
                0x20000b00                USBD_StrDesc
 .bss.UserRxBufferFS
                0x20000d00      0x800 CMakeFiles/cdc.dir/USB_DEVICE/App/usbd_cdc_if.c.obj
                0x20000d00                UserRxBufferFS
 .bss.UserTxBufferFS
                0x20001500      0x800 CMakeFiles/cdc.dir/USB_DEVICE/App/usbd_cdc_if.c.obj
                0x20001500                UserTxBufferFS
 .bss.huart1    0x20001d00       0x48 CMakeFiles/cdc.dir/Core/Src/usart.c.obj
                0x20001d00                huart1
 *(COMMON)
                0x20001d48                        . = ALIGN (0x4)
                0x20001d48                        _ebss = .
                0x20001d48                        __bss_end__ = _ebss
                [!provide]                        PROVIDE (__bss_end = .)
                [!provide]                        PROVIDE (__non_tls_bss_start = ADDR (.bss))
                [!provide]                        PROVIDE (__bss_start = __tbss_start)
                [!provide]                        PROVIDE (__bss_size = (__bss_end - __bss_start))

._user_heap_stack
                0x20001d48     0x9000 load address 0x08007ed0
                0x20001d48                        . = ALIGN (0x8)
                [!provide]                        PROVIDE (end = .)
                0x20001d48                        PROVIDE (_end = .)
                0x20003d48                        . = (. + _Min_Heap_Size)
 *fill*         0x20001d48     0x2000 
                0x2000ad48                        . = (. + _Min_Stack_Size)
 *fill*         0x20003d48     0x7000 
                0x2000ad48                        . = ALIGN (0x8)

/DISCARD/
 libc.a:*(*)
 libm.a:*(*)
 libgcc.a:*(*)
OUTPUT(cdc.elf elf32-littlearm)
LOAD linker stubs

.ARM.attributes
                0x00000000       0x30
 .ARM.attributes
                0x00000000       0x22 /usr/lib/gcc/arm-none-eabi/13.2.1/thumb/v7e-m+fp/hard/crti.o
 .ARM.attributes
                0x00000022       0x34 /usr/lib/gcc/arm-none-eabi/13.2.1/thumb/v7e-m+fp/hard/crtbegin.o
 .ARM.attributes
                0x00000056       0x34 cmake/stm32cubemx/CMakeFiles/STM32_Drivers.dir/__/__/Core/Src/system_stm32f4xx.c.obj
 .ARM.attributes
                0x0000008a       0x34 cmake/stm32cubemx/CMakeFiles/STM32_Drivers.dir/__/__/Drivers/STM32F4xx_HAL_Driver/Src/stm32f4xx_hal_pcd.c.obj
 .ARM.attributes
                0x000000be       0x34 cmake/stm32cubemx/CMakeFiles/STM32_Drivers.dir/__/__/Drivers/STM32F4xx_HAL_Driver/Src/stm32f4xx_hal_pcd_ex.c.obj
 .ARM.attributes
                0x000000f2       0x34 cmake/stm32cubemx/CMakeFiles/STM32_Drivers.dir/__/__/Drivers/STM32F4xx_HAL_Driver/Src/stm32f4xx_ll_usb.c.obj
 .ARM.attributes
                0x00000126       0x34 cmake/stm32cubemx/CMakeFiles/STM32_Drivers.dir/__/__/Drivers/STM32F4xx_HAL_Driver/Src/stm32f4xx_hal_rcc.c.obj
 .ARM.attributes
                0x0000015a       0x34 cmake/stm32cubemx/CMakeFiles/STM32_Drivers.dir/__/__/Drivers/STM32F4xx_HAL_Driver/Src/stm32f4xx_hal_gpio.c.obj
 .ARM.attributes
                0x0000018e       0x34 cmake/stm32cubemx/CMakeFiles/STM32_Drivers.dir/__/__/Drivers/STM32F4xx_HAL_Driver/Src/stm32f4xx_hal_dma.c.obj
 .ARM.attributes
                0x000001c2       0x34 cmake/stm32cubemx/CMakeFiles/STM32_Drivers.dir/__/__/Drivers/STM32F4xx_HAL_Driver/Src/stm32f4xx_hal_cortex.c.obj
 .ARM.attributes
                0x000001f6       0x34 cmake/stm32cubemx/CMakeFiles/STM32_Drivers.dir/__/__/Drivers/STM32F4xx_HAL_Driver/Src/stm32f4xx_hal.c.obj
 .ARM.attributes
                0x0000022a       0x34 cmake/stm32cubemx/CMakeFiles/STM32_Drivers.dir/__/__/Drivers/STM32F4xx_HAL_Driver/Src/stm32f4xx_hal_uart.c.obj
 .ARM.attributes
                0x0000025e       0x34 cmake/stm32cubemx/CMakeFiles/USB_Device_Library.dir/__/__/Middlewares/ST/STM32_USB_Device_Library/Core/Src/usbd_core.c.obj
 .ARM.attributes
                0x00000292       0x34 cmake/stm32cubemx/CMakeFiles/USB_Device_Library.dir/__/__/Middlewares/ST/STM32_USB_Device_Library/Core/Src/usbd_ctlreq.c.obj
 .ARM.attributes
                0x000002c6       0x34 cmake/stm32cubemx/CMakeFiles/USB_Device_Library.dir/__/__/Middlewares/ST/STM32_USB_Device_Library/Core/Src/usbd_ioreq.c.obj
 .ARM.attributes
                0x000002fa       0x34 cmake/stm32cubemx/CMakeFiles/USB_Device_Library.dir/__/__/Middlewares/ST/STM32_USB_Device_Library/Class/CDC/Src/usbd_cdc.c.obj
 .ARM.attributes
                0x0000032e       0x34 CMakeFiles/cdc.dir/USB_DEVICE/Target/usbd_conf.c.obj
 .ARM.attributes
                0x00000362       0x34 CMakeFiles/cdc.dir/USB_DEVICE/App/usb_device.c.obj
 .ARM.attributes
                0x00000396       0x34 CMakeFiles/cdc.dir/USB_DEVICE/App/usbd_desc.c.obj
 .ARM.attributes
                0x000003ca       0x34 CMakeFiles/cdc.dir/USB_DEVICE/App/usbd_cdc_if.c.obj
 .ARM.attributes
                0x000003fe       0x34 CMakeFiles/cdc.dir/Core/Src/main.c.obj
 .ARM.attributes
                0x00000432       0x34 CMakeFiles/cdc.dir/Core/Src/gpio.c.obj
 .ARM.attributes
                0x00000466       0x34 CMakeFiles/cdc.dir/Core/Src/usart.c.obj
 .ARM.attributes
                0x0000049a       0x34 CMakeFiles/cdc.dir/Core/Src/stm32f4xx_it.c.obj
 .ARM.attributes
                0x000004ce       0x34 CMakeFiles/cdc.dir/Core/Src/stm32f4xx_hal_msp.c.obj
 .ARM.attributes
                0x00000502       0x21 CMakeFiles/cdc.dir/startup_stm32f407xx.s.obj
 .ARM.attributes
                0x00000523       0x22 /usr/lib/gcc/arm-none-eabi/13.2.1/thumb/v7e-m+fp/hard/libgcc.a(_aeabi_uldivmod.o)
 .ARM.attributes
                0x00000545       0x34 /usr/lib/gcc/arm-none-eabi/13.2.1/thumb/v7e-m+fp/hard/libgcc.a(_udivmoddi4.o)
 .ARM.attributes
                0x00000579       0x22 /usr/lib/gcc/arm-none-eabi/13.2.1/thumb/v7e-m+fp/hard/libgcc.a(_dvmd_tls.o)
 .ARM.attributes
                0x0000059b       0x34 /usr/lib/gcc/arm-none-eabi/13.2.1/../../../arm-none-eabi/lib/thumb/v7e-m+fp/hard/libg_nano.a(libc_a-init.o)
 .ARM.attributes
                0x000005cf       0x34 /usr/lib/gcc/arm-none-eabi/13.2.1/../../../arm-none-eabi/lib/thumb/v7e-m+fp/hard/libg_nano.a(libc_a-memset.o)
 .ARM.attributes
                0x00000603       0x34 /usr/lib/gcc/arm-none-eabi/13.2.1/thumb/v7e-m+fp/hard/crtend.o
 .ARM.attributes
                0x00000637       0x22 /usr/lib/gcc/arm-none-eabi/13.2.1/thumb/v7e-m+fp/hard/crtn.o

.comment        0x00000000       0x26
 .comment       0x00000000       0x26 /usr/lib/gcc/arm-none-eabi/13.2.1/thumb/v7e-m+fp/hard/crtbegin.o
                                 0x27 (size before relaxing)
 .comment       0x00000026       0x27 cmake/stm32cubemx/CMakeFiles/STM32_Drivers.dir/__/__/Core/Src/system_stm32f4xx.c.obj
 .comment       0x00000026       0x27 cmake/stm32cubemx/CMakeFiles/STM32_Drivers.dir/__/__/Drivers/STM32F4xx_HAL_Driver/Src/stm32f4xx_hal_pcd.c.obj
 .comment       0x00000026       0x27 cmake/stm32cubemx/CMakeFiles/STM32_Drivers.dir/__/__/Drivers/STM32F4xx_HAL_Driver/Src/stm32f4xx_hal_pcd_ex.c.obj
 .comment       0x00000026       0x27 cmake/stm32cubemx/CMakeFiles/STM32_Drivers.dir/__/__/Drivers/STM32F4xx_HAL_Driver/Src/stm32f4xx_ll_usb.c.obj
 .comment       0x00000026       0x27 cmake/stm32cubemx/CMakeFiles/STM32_Drivers.dir/__/__/Drivers/STM32F4xx_HAL_Driver/Src/stm32f4xx_hal_rcc.c.obj
 .comment       0x00000026       0x27 cmake/stm32cubemx/CMakeFiles/STM32_Drivers.dir/__/__/Drivers/STM32F4xx_HAL_Driver/Src/stm32f4xx_hal_gpio.c.obj
 .comment       0x00000026       0x27 cmake/stm32cubemx/CMakeFiles/STM32_Drivers.dir/__/__/Drivers/STM32F4xx_HAL_Driver/Src/stm32f4xx_hal_dma.c.obj
 .comment       0x00000026       0x27 cmake/stm32cubemx/CMakeFiles/STM32_Drivers.dir/__/__/Drivers/STM32F4xx_HAL_Driver/Src/stm32f4xx_hal_cortex.c.obj
 .comment       0x00000026       0x27 cmake/stm32cubemx/CMakeFiles/STM32_Drivers.dir/__/__/Drivers/STM32F4xx_HAL_Driver/Src/stm32f4xx_hal.c.obj
 .comment       0x00000026       0x27 cmake/stm32cubemx/CMakeFiles/STM32_Drivers.dir/__/__/Drivers/STM32F4xx_HAL_Driver/Src/stm32f4xx_hal_uart.c.obj
 .comment       0x00000026       0x27 cmake/stm32cubemx/CMakeFiles/USB_Device_Library.dir/__/__/Middlewares/ST/STM32_USB_Device_Library/Core/Src/usbd_core.c.obj
 .comment       0x00000026       0x27 cmake/stm32cubemx/CMakeFiles/USB_Device_Library.dir/__/__/Middlewares/ST/STM32_USB_Device_Library/Core/Src/usbd_ctlreq.c.obj
 .comment       0x00000026       0x27 cmake/stm32cubemx/CMakeFiles/USB_Device_Library.dir/__/__/Middlewares/ST/STM32_USB_Device_Library/Core/Src/usbd_ioreq.c.obj
 .comment       0x00000026       0x27 cmake/stm32cubemx/CMakeFiles/USB_Device_Library.dir/__/__/Middlewares/ST/STM32_USB_Device_Library/Class/CDC/Src/usbd_cdc.c.obj
 .comment       0x00000026       0x27 CMakeFiles/cdc.dir/USB_DEVICE/Target/usbd_conf.c.obj
 .comment       0x00000026       0x27 CMakeFiles/cdc.dir/USB_DEVICE/App/usb_device.c.obj
 .comment       0x00000026       0x27 CMakeFiles/cdc.dir/USB_DEVICE/App/usbd_desc.c.obj
 .comment       0x00000026       0x27 CMakeFiles/cdc.dir/USB_DEVICE/App/usbd_cdc_if.c.obj
 .comment       0x00000026       0x27 CMakeFiles/cdc.dir/Core/Src/main.c.obj
 .comment       0x00000026       0x27 CMakeFiles/cdc.dir/Core/Src/gpio.c.obj
 .comment       0x00000026       0x27 CMakeFiles/cdc.dir/Core/Src/usart.c.obj
 .comment       0x00000026       0x27 CMakeFiles/cdc.dir/Core/Src/stm32f4xx_it.c.obj
 .comment       0x00000026       0x27 CMakeFiles/cdc.dir/Core/Src/stm32f4xx_hal_msp.c.obj
 .comment       0x00000026       0x27 /usr/lib/gcc/arm-none-eabi/13.2.1/thumb/v7e-m+fp/hard/libgcc.a(_udivmoddi4.o)
 .comment       0x00000026       0x27 /usr/lib/gcc/arm-none-eabi/13.2.1/../../../arm-none-eabi/lib/thumb/v7e-m+fp/hard/libg_nano.a(libc_a-init.o)
 .comment       0x00000026       0x27 /usr/lib/gcc/arm-none-eabi/13.2.1/../../../arm-none-eabi/lib/thumb/v7e-m+fp/hard/libg_nano.a(libc_a-memset.o)
 .comment       0x00000026       0x27 /usr/lib/gcc/arm-none-eabi/13.2.1/thumb/v7e-m+fp/hard/crtend.o

.debug_info     0x00000000    0x12431
 .debug_info    0x00000000      0x4f8 cmake/stm32cubemx/CMakeFiles/STM32_Drivers.dir/__/__/Core/Src/system_stm32f4xx.c.obj
 .debug_info    0x000004f8     0x154b cmake/stm32cubemx/CMakeFiles/STM32_Drivers.dir/__/__/Drivers/STM32F4xx_HAL_Driver/Src/stm32f4xx_hal_pcd.c.obj
 .debug_info    0x00001a43      0x6c6 cmake/stm32cubemx/CMakeFiles/STM32_Drivers.dir/__/__/Drivers/STM32F4xx_HAL_Driver/Src/stm32f4xx_hal_pcd_ex.c.obj
 .debug_info    0x00002109     0x196f cmake/stm32cubemx/CMakeFiles/STM32_Drivers.dir/__/__/Drivers/STM32F4xx_HAL_Driver/Src/stm32f4xx_ll_usb.c.obj
 .debug_info    0x00003a78      0x893 cmake/stm32cubemx/CMakeFiles/STM32_Drivers.dir/__/__/Drivers/STM32F4xx_HAL_Driver/Src/stm32f4xx_hal_rcc.c.obj
 .debug_info    0x0000430b      0x69f cmake/stm32cubemx/CMakeFiles/STM32_Drivers.dir/__/__/Drivers/STM32F4xx_HAL_Driver/Src/stm32f4xx_hal_gpio.c.obj
 .debug_info    0x000049aa      0x8cf cmake/stm32cubemx/CMakeFiles/STM32_Drivers.dir/__/__/Drivers/STM32F4xx_HAL_Driver/Src/stm32f4xx_hal_dma.c.obj
 .debug_info    0x00005279      0xd68 cmake/stm32cubemx/CMakeFiles/STM32_Drivers.dir/__/__/Drivers/STM32F4xx_HAL_Driver/Src/stm32f4xx_hal_cortex.c.obj
 .debug_info    0x00005fe1      0x938 cmake/stm32cubemx/CMakeFiles/STM32_Drivers.dir/__/__/Drivers/STM32F4xx_HAL_Driver/Src/stm32f4xx_hal.c.obj
 .debug_info    0x00006919     0x2f1f cmake/stm32cubemx/CMakeFiles/STM32_Drivers.dir/__/__/Drivers/STM32F4xx_HAL_Driver/Src/stm32f4xx_hal_uart.c.obj
 .debug_info    0x00009838      0xdee cmake/stm32cubemx/CMakeFiles/USB_Device_Library.dir/__/__/Middlewares/ST/STM32_USB_Device_Library/Core/Src/usbd_core.c.obj
 .debug_info    0x0000a626      0xac7 cmake/stm32cubemx/CMakeFiles/USB_Device_Library.dir/__/__/Middlewares/ST/STM32_USB_Device_Library/Core/Src/usbd_ctlreq.c.obj
 .debug_info    0x0000b0ed      0x73e cmake/stm32cubemx/CMakeFiles/USB_Device_Library.dir/__/__/Middlewares/ST/STM32_USB_Device_Library/Core/Src/usbd_ioreq.c.obj
 .debug_info    0x0000b82b     0x1281 cmake/stm32cubemx/CMakeFiles/USB_Device_Library.dir/__/__/Middlewares/ST/STM32_USB_Device_Library/Class/CDC/Src/usbd_cdc.c.obj
 .debug_info    0x0000caac     0x1c53 CMakeFiles/cdc.dir/USB_DEVICE/Target/usbd_conf.c.obj
 .debug_info    0x0000e6ff      0x6de CMakeFiles/cdc.dir/USB_DEVICE/App/usb_device.c.obj
 .debug_info    0x0000eddd      0x431 CMakeFiles/cdc.dir/USB_DEVICE/App/usbd_desc.c.obj
 .debug_info    0x0000f20e      0x8d7 CMakeFiles/cdc.dir/USB_DEVICE/App/usbd_cdc_if.c.obj
 .debug_info    0x0000fae5      0x4b2 CMakeFiles/cdc.dir/Core/Src/main.c.obj
 .debug_info    0x0000ff97      0x25d CMakeFiles/cdc.dir/Core/Src/gpio.c.obj
 .debug_info    0x000101f4      0xb69 CMakeFiles/cdc.dir/Core/Src/usart.c.obj
 .debug_info    0x00010d5d      0xab2 CMakeFiles/cdc.dir/Core/Src/stm32f4xx_it.c.obj
 .debug_info    0x0001180f      0x25d CMakeFiles/cdc.dir/Core/Src/stm32f4xx_hal_msp.c.obj
 .debug_info    0x00011a6c       0x30 CMakeFiles/cdc.dir/startup_stm32f407xx.s.obj
 .debug_info    0x00011a9c       0x24 /usr/lib/gcc/arm-none-eabi/13.2.1/thumb/v7e-m+fp/hard/libgcc.a(_aeabi_uldivmod.o)
 .debug_info    0x00011ac0      0x6f5 /usr/lib/gcc/arm-none-eabi/13.2.1/thumb/v7e-m+fp/hard/libgcc.a(_udivmoddi4.o)
 .debug_info    0x000121b5       0x3c /usr/lib/gcc/arm-none-eabi/13.2.1/thumb/v7e-m+fp/hard/libgcc.a(_dvmd_tls.o)
 .debug_info    0x000121f1      0x10b /usr/lib/gcc/arm-none-eabi/13.2.1/../../../arm-none-eabi/lib/thumb/v7e-m+fp/hard/libg_nano.a(libc_a-init.o)
 .debug_info    0x000122fc      0x135 /usr/lib/gcc/arm-none-eabi/13.2.1/../../../arm-none-eabi/lib/thumb/v7e-m+fp/hard/libg_nano.a(libc_a-memset.o)

.debug_abbrev   0x00000000     0x3503
 .debug_abbrev  0x00000000      0x11b cmake/stm32cubemx/CMakeFiles/STM32_Drivers.dir/__/__/Core/Src/system_stm32f4xx.c.obj
 .debug_abbrev  0x0000011b      0x2b9 cmake/stm32cubemx/CMakeFiles/STM32_Drivers.dir/__/__/Drivers/STM32F4xx_HAL_Driver/Src/stm32f4xx_hal_pcd.c.obj
 .debug_abbrev  0x000003d4      0x1da cmake/stm32cubemx/CMakeFiles/STM32_Drivers.dir/__/__/Drivers/STM32F4xx_HAL_Driver/Src/stm32f4xx_hal_pcd_ex.c.obj
 .debug_abbrev  0x000005ae      0x2b3 cmake/stm32cubemx/CMakeFiles/STM32_Drivers.dir/__/__/Drivers/STM32F4xx_HAL_Driver/Src/stm32f4xx_ll_usb.c.obj
 .debug_abbrev  0x00000861      0x2b7 cmake/stm32cubemx/CMakeFiles/STM32_Drivers.dir/__/__/Drivers/STM32F4xx_HAL_Driver/Src/stm32f4xx_hal_rcc.c.obj
 .debug_abbrev  0x00000b18      0x1d4 cmake/stm32cubemx/CMakeFiles/STM32_Drivers.dir/__/__/Drivers/STM32F4xx_HAL_Driver/Src/stm32f4xx_hal_gpio.c.obj
 .debug_abbrev  0x00000cec      0x264 cmake/stm32cubemx/CMakeFiles/STM32_Drivers.dir/__/__/Drivers/STM32F4xx_HAL_Driver/Src/stm32f4xx_hal_dma.c.obj
 .debug_abbrev  0x00000f50      0x31d cmake/stm32cubemx/CMakeFiles/STM32_Drivers.dir/__/__/Drivers/STM32F4xx_HAL_Driver/Src/stm32f4xx_hal_cortex.c.obj
 .debug_abbrev  0x0000126d      0x214 cmake/stm32cubemx/CMakeFiles/STM32_Drivers.dir/__/__/Drivers/STM32F4xx_HAL_Driver/Src/stm32f4xx_hal.c.obj
 .debug_abbrev  0x00001481      0x30e cmake/stm32cubemx/CMakeFiles/STM32_Drivers.dir/__/__/Drivers/STM32F4xx_HAL_Driver/Src/stm32f4xx_hal_uart.c.obj
 .debug_abbrev  0x0000178f      0x27c cmake/stm32cubemx/CMakeFiles/USB_Device_Library.dir/__/__/Middlewares/ST/STM32_USB_Device_Library/Core/Src/usbd_core.c.obj
 .debug_abbrev  0x00001a0b      0x26f cmake/stm32cubemx/CMakeFiles/USB_Device_Library.dir/__/__/Middlewares/ST/STM32_USB_Device_Library/Core/Src/usbd_ctlreq.c.obj
 .debug_abbrev  0x00001c7a      0x19a cmake/stm32cubemx/CMakeFiles/USB_Device_Library.dir/__/__/Middlewares/ST/STM32_USB_Device_Library/Core/Src/usbd_ioreq.c.obj
 .debug_abbrev  0x00001e14      0x2d2 cmake/stm32cubemx/CMakeFiles/USB_Device_Library.dir/__/__/Middlewares/ST/STM32_USB_Device_Library/Class/CDC/Src/usbd_cdc.c.obj
 .debug_abbrev  0x000020e6      0x33f CMakeFiles/cdc.dir/USB_DEVICE/Target/usbd_conf.c.obj
 .debug_abbrev  0x00002425      0x195 CMakeFiles/cdc.dir/USB_DEVICE/App/usb_device.c.obj
 .debug_abbrev  0x000025ba      0x1e2 CMakeFiles/cdc.dir/USB_DEVICE/App/usbd_desc.c.obj
 .debug_abbrev  0x0000279c      0x29d CMakeFiles/cdc.dir/USB_DEVICE/App/usbd_cdc_if.c.obj
 .debug_abbrev  0x00002a39      0x1de CMakeFiles/cdc.dir/Core/Src/main.c.obj
 .debug_abbrev  0x00002c17       0xd8 CMakeFiles/cdc.dir/Core/Src/gpio.c.obj
 .debug_abbrev  0x00002cef      0x218 CMakeFiles/cdc.dir/Core/Src/usart.c.obj
 .debug_abbrev  0x00002f07      0x1dc CMakeFiles/cdc.dir/Core/Src/stm32f4xx_it.c.obj
 .debug_abbrev  0x000030e3       0xd8 CMakeFiles/cdc.dir/Core/Src/stm32f4xx_hal_msp.c.obj
 .debug_abbrev  0x000031bb       0x24 CMakeFiles/cdc.dir/startup_stm32f407xx.s.obj
 .debug_abbrev  0x000031df       0x14 /usr/lib/gcc/arm-none-eabi/13.2.1/thumb/v7e-m+fp/hard/libgcc.a(_aeabi_uldivmod.o)
 .debug_abbrev  0x000031f3      0x16a /usr/lib/gcc/arm-none-eabi/13.2.1/thumb/v7e-m+fp/hard/libgcc.a(_udivmoddi4.o)
 .debug_abbrev  0x0000335d       0x26 /usr/lib/gcc/arm-none-eabi/13.2.1/thumb/v7e-m+fp/hard/libgcc.a(_dvmd_tls.o)
 .debug_abbrev  0x00003383       0xc9 /usr/lib/gcc/arm-none-eabi/13.2.1/../../../arm-none-eabi/lib/thumb/v7e-m+fp/hard/libg_nano.a(libc_a-init.o)
 .debug_abbrev  0x0000344c       0xb7 /usr/lib/gcc/arm-none-eabi/13.2.1/../../../arm-none-eabi/lib/thumb/v7e-m+fp/hard/libg_nano.a(libc_a-memset.o)

.debug_aranges  0x00000000      0xed8
 .debug_aranges
                0x00000000       0x28 cmake/stm32cubemx/CMakeFiles/STM32_Drivers.dir/__/__/Core/Src/system_stm32f4xx.c.obj
 .debug_aranges
                0x00000028      0x148 cmake/stm32cubemx/CMakeFiles/STM32_Drivers.dir/__/__/Drivers/STM32F4xx_HAL_Driver/Src/stm32f4xx_hal_pcd.c.obj
 .debug_aranges
                0x00000170       0x38 cmake/stm32cubemx/CMakeFiles/STM32_Drivers.dir/__/__/Drivers/STM32F4xx_HAL_Driver/Src/stm32f4xx_hal_pcd_ex.c.obj
 .debug_aranges
                0x000001a8      0x1a0 cmake/stm32cubemx/CMakeFiles/STM32_Drivers.dir/__/__/Drivers/STM32F4xx_HAL_Driver/Src/stm32f4xx_ll_usb.c.obj
 .debug_aranges
                0x00000348       0x88 cmake/stm32cubemx/CMakeFiles/STM32_Drivers.dir/__/__/Drivers/STM32F4xx_HAL_Driver/Src/stm32f4xx_hal_rcc.c.obj
 .debug_aranges
                0x000003d0       0x58 cmake/stm32cubemx/CMakeFiles/STM32_Drivers.dir/__/__/Drivers/STM32F4xx_HAL_Driver/Src/stm32f4xx_hal_gpio.c.obj
 .debug_aranges
                0x00000428       0x90 cmake/stm32cubemx/CMakeFiles/STM32_Drivers.dir/__/__/Drivers/STM32F4xx_HAL_Driver/Src/stm32f4xx_hal_dma.c.obj
 .debug_aranges
                0x000004b8      0x130 cmake/stm32cubemx/CMakeFiles/STM32_Drivers.dir/__/__/Drivers/STM32F4xx_HAL_Driver/Src/stm32f4xx_hal_cortex.c.obj
 .debug_aranges
                0x000005e8       0xf0 cmake/stm32cubemx/CMakeFiles/STM32_Drivers.dir/__/__/Drivers/STM32F4xx_HAL_Driver/Src/stm32f4xx_hal.c.obj
 .debug_aranges
                0x000006d8      0x208 cmake/stm32cubemx/CMakeFiles/STM32_Drivers.dir/__/__/Drivers/STM32F4xx_HAL_Driver/Src/stm32f4xx_hal_uart.c.obj
 .debug_aranges
                0x000008e0       0xd8 cmake/stm32cubemx/CMakeFiles/USB_Device_Library.dir/__/__/Middlewares/ST/STM32_USB_Device_Library/Core/Src/usbd_core.c.obj
 .debug_aranges
                0x000009b8       0x90 cmake/stm32cubemx/CMakeFiles/USB_Device_Library.dir/__/__/Middlewares/ST/STM32_USB_Device_Library/Core/Src/usbd_ctlreq.c.obj
 .debug_aranges
                0x00000a48       0x50 cmake/stm32cubemx/CMakeFiles/USB_Device_Library.dir/__/__/Middlewares/ST/STM32_USB_Device_Library/Core/Src/usbd_ioreq.c.obj
 .debug_aranges
                0x00000a98       0x90 cmake/stm32cubemx/CMakeFiles/USB_Device_Library.dir/__/__/Middlewares/ST/STM32_USB_Device_Library/Class/CDC/Src/usbd_cdc.c.obj
 .debug_aranges
                0x00000b28      0x110 CMakeFiles/cdc.dir/USB_DEVICE/Target/usbd_conf.c.obj
 .debug_aranges
                0x00000c38       0x20 CMakeFiles/cdc.dir/USB_DEVICE/App/usb_device.c.obj
 .debug_aranges
                0x00000c58       0x60 CMakeFiles/cdc.dir/USB_DEVICE/App/usbd_desc.c.obj
 .debug_aranges
                0x00000cb8       0x48 CMakeFiles/cdc.dir/USB_DEVICE/App/usbd_cdc_if.c.obj
 .debug_aranges
                0x00000d00       0x30 CMakeFiles/cdc.dir/Core/Src/main.c.obj
 .debug_aranges
                0x00000d30       0x20 CMakeFiles/cdc.dir/Core/Src/gpio.c.obj
 .debug_aranges
                0x00000d50       0x30 CMakeFiles/cdc.dir/Core/Src/usart.c.obj
 .debug_aranges
                0x00000d80       0x70 CMakeFiles/cdc.dir/Core/Src/stm32f4xx_it.c.obj
 .debug_aranges
                0x00000df0       0x20 CMakeFiles/cdc.dir/Core/Src/stm32f4xx_hal_msp.c.obj
 .debug_aranges
                0x00000e10       0x28 CMakeFiles/cdc.dir/startup_stm32f407xx.s.obj
 .debug_aranges
                0x00000e38       0x20 /usr/lib/gcc/arm-none-eabi/13.2.1/thumb/v7e-m+fp/hard/libgcc.a(_aeabi_uldivmod.o)
 .debug_aranges
                0x00000e58       0x20 /usr/lib/gcc/arm-none-eabi/13.2.1/thumb/v7e-m+fp/hard/libgcc.a(_udivmoddi4.o)
 .debug_aranges
                0x00000e78       0x20 /usr/lib/gcc/arm-none-eabi/13.2.1/thumb/v7e-m+fp/hard/libgcc.a(_dvmd_tls.o)
 .debug_aranges
                0x00000e98       0x20 /usr/lib/gcc/arm-none-eabi/13.2.1/../../../arm-none-eabi/lib/thumb/v7e-m+fp/hard/libg_nano.a(libc_a-init.o)
 .debug_aranges
                0x00000eb8       0x20 /usr/lib/gcc/arm-none-eabi/13.2.1/../../../arm-none-eabi/lib/thumb/v7e-m+fp/hard/libg_nano.a(libc_a-memset.o)

.debug_rnglists
                0x00000000      0xb36
 .debug_rnglists
                0x00000000       0x1a cmake/stm32cubemx/CMakeFiles/STM32_Drivers.dir/__/__/Core/Src/system_stm32f4xx.c.obj
 .debug_rnglists
                0x0000001a       0xfa cmake/stm32cubemx/CMakeFiles/STM32_Drivers.dir/__/__/Drivers/STM32F4xx_HAL_Driver/Src/stm32f4xx_hal_pcd.c.obj
 .debug_rnglists
                0x00000114       0x26 cmake/stm32cubemx/CMakeFiles/STM32_Drivers.dir/__/__/Drivers/STM32F4xx_HAL_Driver/Src/stm32f4xx_hal_pcd_ex.c.obj
 .debug_rnglists
                0x0000013a      0x147 cmake/stm32cubemx/CMakeFiles/STM32_Drivers.dir/__/__/Drivers/STM32F4xx_HAL_Driver/Src/stm32f4xx_ll_usb.c.obj
 .debug_rnglists
                0x00000281       0x66 cmake/stm32cubemx/CMakeFiles/STM32_Drivers.dir/__/__/Drivers/STM32F4xx_HAL_Driver/Src/stm32f4xx_hal_rcc.c.obj
 .debug_rnglists
                0x000002e7       0x3f cmake/stm32cubemx/CMakeFiles/STM32_Drivers.dir/__/__/Drivers/STM32F4xx_HAL_Driver/Src/stm32f4xx_hal_gpio.c.obj
 .debug_rnglists
                0x00000326       0x70 cmake/stm32cubemx/CMakeFiles/STM32_Drivers.dir/__/__/Drivers/STM32F4xx_HAL_Driver/Src/stm32f4xx_hal_dma.c.obj
 .debug_rnglists
                0x00000396       0xe0 cmake/stm32cubemx/CMakeFiles/STM32_Drivers.dir/__/__/Drivers/STM32F4xx_HAL_Driver/Src/stm32f4xx_hal_cortex.c.obj
 .debug_rnglists
                0x00000476       0xaf cmake/stm32cubemx/CMakeFiles/STM32_Drivers.dir/__/__/Drivers/STM32F4xx_HAL_Driver/Src/stm32f4xx_hal.c.obj
 .debug_rnglists
                0x00000525      0x1bc cmake/stm32cubemx/CMakeFiles/STM32_Drivers.dir/__/__/Drivers/STM32F4xx_HAL_Driver/Src/stm32f4xx_hal_uart.c.obj
 .debug_rnglists
                0x000006e1       0xa1 cmake/stm32cubemx/CMakeFiles/USB_Device_Library.dir/__/__/Middlewares/ST/STM32_USB_Device_Library/Core/Src/usbd_core.c.obj
 .debug_rnglists
                0x00000782       0x6e cmake/stm32cubemx/CMakeFiles/USB_Device_Library.dir/__/__/Middlewares/ST/STM32_USB_Device_Library/Core/Src/usbd_ctlreq.c.obj
 .debug_rnglists
                0x000007f0       0x37 cmake/stm32cubemx/CMakeFiles/USB_Device_Library.dir/__/__/Middlewares/ST/STM32_USB_Device_Library/Core/Src/usbd_ioreq.c.obj
 .debug_rnglists
                0x00000827       0x6c cmake/stm32cubemx/CMakeFiles/USB_Device_Library.dir/__/__/Middlewares/ST/STM32_USB_Device_Library/Class/CDC/Src/usbd_cdc.c.obj
 .debug_rnglists
                0x00000893       0xc9 CMakeFiles/cdc.dir/USB_DEVICE/Target/usbd_conf.c.obj
 .debug_rnglists
                0x0000095c       0x13 CMakeFiles/cdc.dir/USB_DEVICE/App/usb_device.c.obj
 .debug_rnglists
                0x0000096f       0x43 CMakeFiles/cdc.dir/USB_DEVICE/App/usbd_desc.c.obj
 .debug_rnglists
                0x000009b2       0x32 CMakeFiles/cdc.dir/USB_DEVICE/App/usbd_cdc_if.c.obj
 .debug_rnglists
                0x000009e4       0x20 CMakeFiles/cdc.dir/Core/Src/main.c.obj
 .debug_rnglists
                0x00000a04       0x13 CMakeFiles/cdc.dir/Core/Src/gpio.c.obj
 .debug_rnglists
                0x00000a17       0x20 CMakeFiles/cdc.dir/Core/Src/usart.c.obj
 .debug_rnglists
                0x00000a37       0x4f CMakeFiles/cdc.dir/Core/Src/stm32f4xx_it.c.obj
 .debug_rnglists
                0x00000a86       0x13 CMakeFiles/cdc.dir/Core/Src/stm32f4xx_hal_msp.c.obj
 .debug_rnglists
                0x00000a99       0x19 CMakeFiles/cdc.dir/startup_stm32f407xx.s.obj
 .debug_rnglists
                0x00000ab2       0x84 /usr/lib/gcc/arm-none-eabi/13.2.1/thumb/v7e-m+fp/hard/libgcc.a(_udivmoddi4.o)

.debug_macro    0x00000000    0x22b66
 .debug_macro   0x00000000      0x195 cmake/stm32cubemx/CMakeFiles/STM32_Drivers.dir/__/__/Core/Src/system_stm32f4xx.c.obj
 .debug_macro   0x00000195      0xad8 cmake/stm32cubemx/CMakeFiles/STM32_Drivers.dir/__/__/Core/Src/system_stm32f4xx.c.obj
 .debug_macro   0x00000c6d       0x2e cmake/stm32cubemx/CMakeFiles/STM32_Drivers.dir/__/__/Core/Src/system_stm32f4xx.c.obj
 .debug_macro   0x00000c9b       0x2f cmake/stm32cubemx/CMakeFiles/STM32_Drivers.dir/__/__/Core/Src/system_stm32f4xx.c.obj
 .debug_macro   0x00000cca      0x34e cmake/stm32cubemx/CMakeFiles/STM32_Drivers.dir/__/__/Core/Src/system_stm32f4xx.c.obj
 .debug_macro   0x00001018       0x1c cmake/stm32cubemx/CMakeFiles/STM32_Drivers.dir/__/__/Core/Src/system_stm32f4xx.c.obj
 .debug_macro   0x00001034       0x22 cmake/stm32cubemx/CMakeFiles/STM32_Drivers.dir/__/__/Core/Src/system_stm32f4xx.c.obj
 .debug_macro   0x00001056       0xfb cmake/stm32cubemx/CMakeFiles/STM32_Drivers.dir/__/__/Core/Src/system_stm32f4xx.c.obj
 .debug_macro   0x00001151     0x1011 cmake/stm32cubemx/CMakeFiles/STM32_Drivers.dir/__/__/Core/Src/system_stm32f4xx.c.obj
 .debug_macro   0x00002162      0x11f cmake/stm32cubemx/CMakeFiles/STM32_Drivers.dir/__/__/Core/Src/system_stm32f4xx.c.obj
 .debug_macro   0x00002281    0x15ea5 cmake/stm32cubemx/CMakeFiles/STM32_Drivers.dir/__/__/Core/Src/system_stm32f4xx.c.obj
 .debug_macro   0x00018126       0x6d cmake/stm32cubemx/CMakeFiles/STM32_Drivers.dir/__/__/Core/Src/system_stm32f4xx.c.obj
 .debug_macro   0x00018193      0x29b cmake/stm32cubemx/CMakeFiles/STM32_Drivers.dir/__/__/Core/Src/system_stm32f4xx.c.obj
 .debug_macro   0x0001842e     0x3693 cmake/stm32cubemx/CMakeFiles/STM32_Drivers.dir/__/__/Core/Src/system_stm32f4xx.c.obj
 .debug_macro   0x0001bac1      0x190 cmake/stm32cubemx/CMakeFiles/STM32_Drivers.dir/__/__/Core/Src/system_stm32f4xx.c.obj
 .debug_macro   0x0001bc51       0x5c cmake/stm32cubemx/CMakeFiles/STM32_Drivers.dir/__/__/Core/Src/system_stm32f4xx.c.obj
 .debug_macro   0x0001bcad      0x980 cmake/stm32cubemx/CMakeFiles/STM32_Drivers.dir/__/__/Core/Src/system_stm32f4xx.c.obj
 .debug_macro   0x0001c62d      0x9e9 cmake/stm32cubemx/CMakeFiles/STM32_Drivers.dir/__/__/Core/Src/system_stm32f4xx.c.obj
 .debug_macro   0x0001d016      0x115 cmake/stm32cubemx/CMakeFiles/STM32_Drivers.dir/__/__/Core/Src/system_stm32f4xx.c.obj
 .debug_macro   0x0001d12b      0x13e cmake/stm32cubemx/CMakeFiles/STM32_Drivers.dir/__/__/Core/Src/system_stm32f4xx.c.obj
 .debug_macro   0x0001d269       0xa5 cmake/stm32cubemx/CMakeFiles/STM32_Drivers.dir/__/__/Core/Src/system_stm32f4xx.c.obj
 .debug_macro   0x0001d30e      0x174 cmake/stm32cubemx/CMakeFiles/STM32_Drivers.dir/__/__/Core/Src/system_stm32f4xx.c.obj
 .debug_macro   0x0001d482      0x287 cmake/stm32cubemx/CMakeFiles/STM32_Drivers.dir/__/__/Core/Src/system_stm32f4xx.c.obj
 .debug_macro   0x0001d709       0x5f cmake/stm32cubemx/CMakeFiles/STM32_Drivers.dir/__/__/Core/Src/system_stm32f4xx.c.obj
 .debug_macro   0x0001d768      0x236 cmake/stm32cubemx/CMakeFiles/STM32_Drivers.dir/__/__/Core/Src/system_stm32f4xx.c.obj
 .debug_macro   0x0001d99e      0x12c cmake/stm32cubemx/CMakeFiles/STM32_Drivers.dir/__/__/Core/Src/system_stm32f4xx.c.obj
 .debug_macro   0x0001daca      0x21e cmake/stm32cubemx/CMakeFiles/STM32_Drivers.dir/__/__/Core/Src/system_stm32f4xx.c.obj
 .debug_macro   0x0001dce8       0x2e cmake/stm32cubemx/CMakeFiles/STM32_Drivers.dir/__/__/Core/Src/system_stm32f4xx.c.obj
 .debug_macro   0x0001dd16      0x127 cmake/stm32cubemx/CMakeFiles/STM32_Drivers.dir/__/__/Core/Src/system_stm32f4xx.c.obj
 .debug_macro   0x0001de3d       0x7e cmake/stm32cubemx/CMakeFiles/STM32_Drivers.dir/__/__/Core/Src/system_stm32f4xx.c.obj
 .debug_macro   0x0001debb       0x89 cmake/stm32cubemx/CMakeFiles/STM32_Drivers.dir/__/__/Core/Src/system_stm32f4xx.c.obj